###############################################################################
#
# IAR ANSI C/C++ Compiler V7.50.1.10123/W32 for ARM       13/Dec/2017  10:37:29
# Copyright 1999-2015 IAR Systems AB.
#
#    Cpu mode     =  thumb
#    Endian       =  little
#    Source file  =  F:\iar\NC199B-100\Library\Source\BSP\Driver\delay.c
#    Command line =  
#        F:\iar\NC199B-100\Library\Source\BSP\Driver\delay.c -D
#        USE_STDPERIPH_DRIVER -D _STM32F10X_HD -D STM32F10X_CL -D DEBUG -D
#        STM32F103RC -D STM32_FLASH_SIZE=256 -D HSE_VALUE=25000000 -lCN
#        F:\iar\NC199B-100\Library\Project\IAR\..\..\..\Output\Lib\Debug-RC\List\
#        -o
#        F:\iar\NC199B-100\Library\Project\IAR\..\..\..\Output\Lib\Debug-RC\Obj\
#        --no_unroll --no_inline --no_tbaa --no_scheduling --debug
#        --endian=little --cpu=Cortex-M3 -e --fpu=None --dlib_config
#        "C:\Program Files (x86)\IAR Systems\Embedded Workbench
#        7.3\arm\INC\c\DLib_Config_Full.h" -I
#        F:\iar\NC199B-100\Library\Project\IAR\ -I
#        F:\iar\NC199B-100\Library\Project\IAR\..\..\Source\APP\ -I
#        F:\iar\NC199B-100\Library\Project\IAR\..\..\Source\APP\User\ -I
#        F:\iar\NC199B-100\Library\Project\IAR\..\..\Source\APP\AES\ -I
#        F:\iar\NC199B-100\Library\Project\IAR\..\..\Source\APP\Config\ -I
#        F:\iar\NC199B-100\Library\Project\IAR\..\..\Source\APP\OS\ -I
#        F:\iar\NC199B-100\Library\Project\IAR\..\..\Source\APP\User\ -I
#        F:\iar\NC199B-100\Library\Project\IAR\..\..\Source\APP\SIM900A\Source\
#        -I
#        F:\iar\NC199B-100\Library\Project\IAR\..\..\Source\APP\SIM900A\Port\
#        -I F:\iar\NC199B-100\Library\Project\IAR\..\..\Source\APP\SIM900A\OS\
#        -I
#        F:\iar\NC199B-100\Library\Project\IAR\..\..\Source\APP\SIM900A\Config\
#        -I F:\iar\NC199B-100\Library\Project\IAR\..\..\Source\APP\Protocol\ -I
#        F:\iar\NC199B-100\Library\Project\IAR\..\..\Source\APP\Iap\ -I
#        F:\iar\NC199B-100\Library\Project\IAR\..\..\Source\BSP\ -I
#        F:\iar\NC199B-100\Library\Project\IAR\..\..\Source\BSP\Driver\ -I
#        F:\iar\NC199B-100\Library\Project\IAR\..\..\Source\BSP\IAR\ -I
#        F:\iar\NC199B-100\Library\Project\IAR\..\..\Source\BSP\Os\ -I
#        F:\iar\NC199B-100\Library\Project\IAR\..\..\Source\BSP\Os\uCOS-III\ -I
#        F:\iar\NC199B-100\Library\Project\IAR\..\..\Source\BSP\St\ -I
#        F:\iar\NC199B-100\Library\Project\IAR\..\..\Source\BSP\St\FWLib\CMSIS\CM3\CoreSupport\
#        -I
#        F:\iar\NC199B-100\Library\Project\IAR\..\..\Source\BSP\St\FWLib\CMSIS\CM3\DeviceSupport\ST\STM32F10x\
#        -I
#        F:\iar\NC199B-100\Library\Project\IAR\..\..\Source\BSP\St\FWLib\STM32F10x_StdPeriph_Driver\inc\
#        -I F:\iar\NC199B-100\Library\Project\IAR\..\..\Source\Micrium\uC-CPU\
#        -I
#        F:\iar\NC199B-100\Library\Project\IAR\..\..\Source\Micrium\uC-CPU\ARM-Cortex-M3\IAR\
#        -I F:\iar\NC199B-100\Library\Project\IAR\..\..\Source\Micrium\uC-LIB\
#        -I F:\iar\NC199B-100\Library\Project\IAR\..\..\Source\BSP\Os\OSAL\ -I
#        F:\iar\NC199B-100\Library\Project\IAR\..\..\Source\OSAL\OS\ -I
#        F:\iar\NC199B-100\Library\Project\IAR\..\..\Source\Micrium\uC-MB\ -I
#        F:\iar\NC199B-100\Library\Project\IAR\..\..\Source\Micrium\uC-MB\Cfg\Template\
#        -I
#        F:\iar\NC199B-100\Library\Project\IAR\..\..\Source\Micrium\uC-MB\OS\uCOS-III\
#        -I
#        F:\iar\NC199B-100\Library\Project\IAR\..\..\Source\Micrium\uC-MB\Source\
#        -I
#        F:\iar\NC199B-100\Library\Project\IAR\..\..\Source\Micrium\uC-OS-III\
#        -I
#        F:\iar\NC199B-100\Library\Project\IAR\..\..\Source\Micrium\uC-OS-III\Ports\ARM-Cortex-M3\Generic\IAR\
#        -I
#        F:\iar\NC199B-100\Library\Project\IAR\..\..\Source\Micrium\uC-OS-III\Source\
#        -I F:\iar\NC199B-100\Library\Project\IAR\..\..\Source\FatFs\ -I
#        F:\iar\NC199B-100\Library\Project\IAR\..\..\Source\FatFs\option\ -Om
#        --use_c++_inline -I "C:\Program Files (x86)\IAR Systems\Embedded
#        Workbench 7.3\arm\CMSIS\Include\"
#    List file    =  
#        F:\iar\NC199B-100\Library\Project\IAR\..\..\..\Output\Lib\Debug-RC\List\delay.lst
#    Object file  =  
#        F:\iar\NC199B-100\Library\Project\IAR\..\..\..\Output\Lib\Debug-RC\Obj\delay.o
#
###############################################################################

F:\iar\NC199B-100\Library\Source\BSP\Driver\delay.c
      1          #include "stm32f10x.h"
      2          #include "stm32f10x_gpio.h"
      3          #include <stdio.h>
      4          #include "delay.h"
      5          
      6          
      7          /* Private variables ---------------------------------------------------------*/
      8          /* Private function prototypes -----------------------------------------------*/
      9          /* Private functions ---------------------------------------------------------*/
     10          
     11          /**-----------------------------------------------------------------
     12            * @函数名 Delay
     13            * @功能   延时函数
     14            * @参数   无
     15            * @返回值 无
     16          ***----------------------------------------------------------------*/

   \                                 In section .text, align 2, keep-with-next
     17          void Delay(uint32_t i)
     18          {
     19          	uint32_t j ;
     20          	while (i--) {
   \                     Delay: (+1)
   \                     ??Delay_0: (+1)
   \   00000000   0x4601             MOV      R1,R0
   \   00000002   0x1E48             SUBS     R0,R1,#+1
   \   00000004   0x2900             CMP      R1,#+0
   \   00000006   0xD004             BEQ.N    ??Delay_1
     21          		for(j = 10;j > 0;j--);
   \   00000008   0x210A             MOVS     R1,#+10
   \                     ??Delay_2: (+1)
   \   0000000A   0x2900             CMP      R1,#+0
   \   0000000C   0xD0F8             BEQ.N    ??Delay_0
   \   0000000E   0x1E49             SUBS     R1,R1,#+1
   \   00000010   0xE7FB             B.N      ??Delay_2
     22          	}
     23          }
   \                     ??Delay_1: (+1)
   \   00000012   0x4770             BX       LR               ;; return
     24          
     25          

   \                                 In section .text, align 2, keep-with-next
     26          void Delay_ARMJISHU(uint32_t nCount)
     27          {
   \                     Delay_ARMJISHU: (+1)
   \   00000000   0x2800             CMP      R0,#+0
   \   00000002   0xE000             B.N      ??Delay_ARMJISHU_0
     28            for (; nCount != 0; nCount--);
   \                     ??Delay_ARMJISHU_1: (+1)
   \   00000004   0x1E40             SUBS     R0,R0,#+1
   \                     ??Delay_ARMJISHU_0: (+1)
   \   00000006   0xD1FD             BNE.N    ??Delay_ARMJISHU_1
     29          }
   \   00000008   0x4770             BX       LR               ;; return
     30          

   Maximum stack usage in bytes:

   .cstack Function
   ------- --------
       0   Delay
       0   Delay_ARMJISHU


   Section sizes:

   Bytes  Function/Label
   -----  --------------
      20  Delay
      10  Delay_ARMJISHU

 
 30 bytes in section .text
 
 30 bytes of CODE memory

Errors: none
Warnings: none
