###############################################################################
#
# IAR ELF Linker V7.50.1.10123/W32 for ARM                18/Dec/2017  09:44:31
# Copyright 2007-2015 IAR Systems AB.
#
#    Output file  =  F:\iar\NC199B-100\Library\Project\IAR\Debug-RC\Exe\OS.out
#    Map file     =  
#        F:\iar\NC199B-100\Library\Project\IAR\..\..\..\Output\Lib\Debug-RC\List\OS.map
#    Command line =  
#        F:\iar\NC199B-100\Output\Lib\Debug-RC\Obj\aes_cbc.o
#        F:\iar\NC199B-100\Output\Lib\Debug-RC\Obj\aes_cfb.o
#        F:\iar\NC199B-100\Output\Lib\Debug-RC\Obj\aes_core.o
#        F:\iar\NC199B-100\Output\Lib\Debug-RC\Obj\aes_ctr.o
#        F:\iar\NC199B-100\Output\Lib\Debug-RC\Obj\aes_ecb.o
#        F:\iar\NC199B-100\Output\Lib\Debug-RC\Obj\aes_ige.o
#        F:\iar\NC199B-100\Output\Lib\Debug-RC\Obj\aes_misc.o
#        F:\iar\NC199B-100\Output\Lib\Debug-RC\Obj\aes_ofb.o
#        F:\iar\NC199B-100\Output\Lib\Debug-RC\Obj\aes_user.o
#        F:\iar\NC199B-100\Output\Lib\Debug-RC\Obj\aes_wrap.o
#        F:\iar\NC199B-100\Output\Lib\Debug-RC\Obj\app.o
#        F:\iar\NC199B-100\Output\Lib\Debug-RC\Obj\app_chk.o
#        F:\iar\NC199B-100\Output\Lib\Debug-RC\Obj\app_comm_dtu.o
#        F:\iar\NC199B-100\Output\Lib\Debug-RC\Obj\app_comm_dtu_otr_deal.o
#        F:\iar\NC199B-100\Output\Lib\Debug-RC\Obj\app_comm_mtr.o
#        F:\iar\NC199B-100\Output\Lib\Debug-RC\Obj\app_comm_protocol.o
#        F:\iar\NC199B-100\Output\Lib\Debug-RC\Obj\app_lib.o
#        F:\iar\NC199B-100\Output\Lib\Debug-RC\Obj\app_task_comm.o
#        F:\iar\NC199B-100\Output\Lib\Debug-RC\Obj\app_task_measure.o
#        F:\iar\NC199B-100\Output\Lib\Debug-RC\Obj\app_task_osal.o
#        F:\iar\NC199B-100\Output\Lib\Debug-RC\Obj\app_task_osal_disp.o
#        F:\iar\NC199B-100\Output\Lib\Debug-RC\Obj\app_task_osal_led.o
#        F:\iar\NC199B-100\Output\Lib\Debug-RC\Obj\APP_task_osal_mtrsend.o
#        F:\iar\NC199B-100\Output\Lib\Debug-RC\Obj\APP_task_osal_store.o
#        F:\iar\NC199B-100\Output\Lib\Debug-RC\Obj\app_task_osal_tmr.o
#        F:\iar\NC199B-100\Output\Lib\Debug-RC\Obj\app_tax.o
#        F:\iar\NC199B-100\Output\Lib\Debug-RC\Obj\app_var.o
#        F:\iar\NC199B-100\Output\Lib\Debug-RC\Obj\boot.o
#        F:\iar\NC199B-100\Output\Lib\Debug-RC\Obj\bsp.o
#        F:\iar\NC199B-100\Output\Lib\Debug-RC\Obj\bsp_DM412.o
#        F:\iar\NC199B-100\Output\Lib\Debug-RC\Obj\bsp_ds3231.o
#        F:\iar\NC199B-100\Output\Lib\Debug-RC\Obj\bsp_flash.o
#        F:\iar\NC199B-100\Output\Lib\Debug-RC\Obj\bsp_FRAM.o
#        F:\iar\NC199B-100\Output\Lib\Debug-RC\Obj\bsp_gpio.o
#        F:\iar\NC199B-100\Output\Lib\Debug-RC\Obj\bsp_hal.o
#        F:\iar\NC199B-100\Output\Lib\Debug-RC\Obj\bsp_IIC.o
#        F:\iar\NC199B-100\Output\Lib\Debug-RC\Obj\bsp_info.o
#        F:\iar\NC199B-100\Output\Lib\Debug-RC\Obj\bsp_int.o
#        F:\iar\NC199B-100\Output\Lib\Debug-RC\Obj\bsp_max7219.o
#        F:\iar\NC199B-100\Output\Lib\Debug-RC\Obj\bsp_os.o
#        F:\iar\NC199B-100\Output\Lib\Debug-RC\Obj\bsp_periph.o
#        F:\iar\NC199B-100\Output\Lib\Debug-RC\Obj\bsp_pwm.o
#        F:\iar\NC199B-100\Output\Lib\Debug-RC\Obj\bsp_rst.o
#        F:\iar\NC199B-100\Output\Lib\Debug-RC\Obj\bsp_rtc.o
#        F:\iar\NC199B-100\Output\Lib\Debug-RC\Obj\bsp_time.o
#        F:\iar\NC199B-100\Output\Lib\Debug-RC\Obj\bsp_timer.o
#        F:\iar\NC199B-100\Output\Lib\Debug-RC\Obj\bsp_usart.o
#        F:\iar\NC199B-100\Output\Lib\Debug-RC\Obj\bsp_wdt.o
#        F:\iar\NC199B-100\Output\Lib\Debug-RC\Obj\core_cm3.o
#        F:\iar\NC199B-100\Output\Lib\Debug-RC\Obj\cpu_a.o
#        F:\iar\NC199B-100\Output\Lib\Debug-RC\Obj\cpu_c.o
#        F:\iar\NC199B-100\Output\Lib\Debug-RC\Obj\cpu_core.o
#        F:\iar\NC199B-100\Output\Lib\Debug-RC\Obj\csnc_package_deal.o
#        F:\iar\NC199B-100\Output\Lib\Debug-RC\Obj\cstartup.o
#        F:\iar\NC199B-100\Output\Lib\Debug-RC\Obj\delay.o
#        F:\iar\NC199B-100\Output\Lib\Debug-RC\Obj\Display.o
#        F:\iar\NC199B-100\Output\Lib\Debug-RC\Obj\FM24CL64.o
#        F:\iar\NC199B-100\Output\Lib\Debug-RC\Obj\I2C_CLK.o
#        F:\iar\NC199B-100\Output\Lib\Debug-RC\Obj\iap_flash.o
#        F:\iar\NC199B-100\Output\Lib\Debug-RC\Obj\IAP_program_mcu.o
#        F:\iar\NC199B-100\Output\Lib\Debug-RC\Obj\lib_ascii.o
#        F:\iar\NC199B-100\Output\Lib\Debug-RC\Obj\lib_math.o
#        F:\iar\NC199B-100\Output\Lib\Debug-RC\Obj\lib_mem.o
#        F:\iar\NC199B-100\Output\Lib\Debug-RC\Obj\lib_mem_a.o
#        F:\iar\NC199B-100\Output\Lib\Debug-RC\Obj\lib_str.o
#        F:\iar\NC199B-100\Output\Lib\Debug-RC\Obj\main.o
#        F:\iar\NC199B-100\Output\Lib\Debug-RC\Obj\MB.o
#        F:\iar\NC199B-100\Output\Lib\Debug-RC\Obj\mb_app_hooks.o
#        F:\iar\NC199B-100\Output\Lib\Debug-RC\Obj\MB_BSP.o
#        F:\iar\NC199B-100\Output\Lib\Debug-RC\Obj\MB_DATA.o
#        F:\iar\NC199B-100\Output\Lib\Debug-RC\Obj\MB_OS.o
#        F:\iar\NC199B-100\Output\Lib\Debug-RC\Obj\MB_UTIL.o
#        F:\iar\NC199B-100\Output\Lib\Debug-RC\Obj\MBM_CORE.o
#        F:\iar\NC199B-100\Output\Lib\Debug-RC\Obj\MBS_CORE.o
#        F:\iar\NC199B-100\Output\Lib\Debug-RC\Obj\misc.o
#        F:\iar\NC199B-100\Output\Lib\Debug-RC\Obj\MX25L1602Drv.o
#        F:\iar\NC199B-100\Output\Lib\Debug-RC\Obj\os_app_hooks.o
#        F:\iar\NC199B-100\Output\Lib\Debug-RC\Obj\os_cfg_app.o
#        F:\iar\NC199B-100\Output\Lib\Debug-RC\Obj\os_core.o
#        F:\iar\NC199B-100\Output\Lib\Debug-RC\Obj\os_cpu_a.o
#        F:\iar\NC199B-100\Output\Lib\Debug-RC\Obj\os_cpu_c.o
#        F:\iar\NC199B-100\Output\Lib\Debug-RC\Obj\os_dbg.o
#        F:\iar\NC199B-100\Output\Lib\Debug-RC\Obj\os_flag.o
#        F:\iar\NC199B-100\Output\Lib\Debug-RC\Obj\os_int.o
#        F:\iar\NC199B-100\Output\Lib\Debug-RC\Obj\os_mem.o
#        F:\iar\NC199B-100\Output\Lib\Debug-RC\Obj\os_msg.o
#        F:\iar\NC199B-100\Output\Lib\Debug-RC\Obj\os_mutex.o
#        F:\iar\NC199B-100\Output\Lib\Debug-RC\Obj\os_pend_multi.o
#        F:\iar\NC199B-100\Output\Lib\Debug-RC\Obj\os_prio.o
#        F:\iar\NC199B-100\Output\Lib\Debug-RC\Obj\os_q.o
#        F:\iar\NC199B-100\Output\Lib\Debug-RC\Obj\os_sem.o
#        F:\iar\NC199B-100\Output\Lib\Debug-RC\Obj\os_stat.o
#        F:\iar\NC199B-100\Output\Lib\Debug-RC\Obj\os_task.o
#        F:\iar\NC199B-100\Output\Lib\Debug-RC\Obj\os_tick.o
#        F:\iar\NC199B-100\Output\Lib\Debug-RC\Obj\os_time.o
#        F:\iar\NC199B-100\Output\Lib\Debug-RC\Obj\os_tmr.o
#        F:\iar\NC199B-100\Output\Lib\Debug-RC\Obj\os_var.o
#        F:\iar\NC199B-100\Output\Lib\Debug-RC\Obj\osal.o
#        F:\iar\NC199B-100\Output\Lib\Debug-RC\Obj\osal_event.o
#        F:\iar\NC199B-100\Output\Lib\Debug-RC\Obj\osal_memory.o
#        F:\iar\NC199B-100\Output\Lib\Debug-RC\Obj\osal_timer.o
#        F:\iar\NC199B-100\Output\Lib\Debug-RC\Obj\RS485.o
#        F:\iar\NC199B-100\Output\Lib\Debug-RC\Obj\sprintf.o
#        F:\iar\NC199B-100\Output\Lib\Debug-RC\Obj\stm32f10x_adc.o
#        F:\iar\NC199B-100\Output\Lib\Debug-RC\Obj\stm32f10x_bkp.o
#        F:\iar\NC199B-100\Output\Lib\Debug-RC\Obj\stm32f10x_can.o
#        F:\iar\NC199B-100\Output\Lib\Debug-RC\Obj\stm32f10x_cec.o
#        F:\iar\NC199B-100\Output\Lib\Debug-RC\Obj\stm32f10x_crc.o
#        F:\iar\NC199B-100\Output\Lib\Debug-RC\Obj\stm32f10x_dac.o
#        F:\iar\NC199B-100\Output\Lib\Debug-RC\Obj\stm32f10x_dbgmcu.o
#        F:\iar\NC199B-100\Output\Lib\Debug-RC\Obj\stm32f10x_dma.o
#        F:\iar\NC199B-100\Output\Lib\Debug-RC\Obj\stm32f10x_exti.o
#        F:\iar\NC199B-100\Output\Lib\Debug-RC\Obj\stm32f10x_flash.o
#        F:\iar\NC199B-100\Output\Lib\Debug-RC\Obj\stm32f10x_fsmc.o
#        F:\iar\NC199B-100\Output\Lib\Debug-RC\Obj\stm32f10x_gpio.o
#        F:\iar\NC199B-100\Output\Lib\Debug-RC\Obj\stm32f10x_i2c.o
#        F:\iar\NC199B-100\Output\Lib\Debug-RC\Obj\stm32f10x_iwdg.o
#        F:\iar\NC199B-100\Output\Lib\Debug-RC\Obj\stm32f10x_pwr.o
#        F:\iar\NC199B-100\Output\Lib\Debug-RC\Obj\stm32f10x_rcc.o
#        F:\iar\NC199B-100\Output\Lib\Debug-RC\Obj\stm32f10x_rtc.o
#        F:\iar\NC199B-100\Output\Lib\Debug-RC\Obj\stm32f10x_sdio.o
#        F:\iar\NC199B-100\Output\Lib\Debug-RC\Obj\stm32f10x_spi.o
#        F:\iar\NC199B-100\Output\Lib\Debug-RC\Obj\stm32f10x_tim.o
#        F:\iar\NC199B-100\Output\Lib\Debug-RC\Obj\stm32f10x_usart.o
#        F:\iar\NC199B-100\Output\Lib\Debug-RC\Obj\stm32f10x_wwdg.o
#        F:\iar\NC199B-100\Output\Lib\Debug-RC\Obj\system_stm32f10x.o -o
#        F:\iar\NC199B-100\Library\Project\IAR\Debug-RC\Exe\OS.out --map
#        F:\iar\NC199B-100\Library\Project\IAR\..\..\..\Output\Lib\Debug-RC\List\OS.map
#        --config
#        F:\iar\NC199B-100\Library\Project\IAR\..\..\Source\BSP\IAR\STM32_Flash.icf
#        --semihosting --entry __iar_program_start --vfe
#
###############################################################################

*******************************************************************************
*** RUNTIME MODEL ATTRIBUTES
***

CppFlavor                     = *
__Heap_Handler                = Basic
__SystemLibrary               = DLib
__dlib_dynamic_initialization = normal


*******************************************************************************
*** PLACEMENT SUMMARY
***

"A3":  place at 0x08010000 { ro section .intvec };
"P1":  place in [from 0x08010000 to 0x0801ffff] { ro };
"P2":  place in [from 0x20000000 to 0x2000bfff] { rw, block CSTACK, block HEAP };

  Section            Kind        Address    Size  Object
  -------            ----        -------    ----  ------
"A3":                                      0x150
  .intvec            const    0x08010000   0x150  cstartup.o [1]
                            - 0x08010150   0x150

"P1":                                     0xa644
  .text              ro code  0x08010150   0xf90  sprintf.o [1]
  .text              ro code  0x080110e0    0x2e  DblCmpLe.o [4]
  .text              ro code  0x08011110    0x2e  DblCmpGe.o [4]
  .text              ro code  0x08011140   0x1a2  DblMul.o [4]
  .text              ro code  0x080112e4    0xe8  DblAdd.o [4]
  .text              ro code  0x080113cc    0x4c  DblToI32.o [4]
  .text              ro code  0x08011418    0x2c  I32ToDbl.o [4]
  .text              ro code  0x08011444   0x180  DblSub.o [4]
  .text              ro code  0x080115c4    0x36  strlen.o [5]
  .text              ro code  0x080115fc    0x3a  ABImemset48.o [5]
  .text              ro code  0x08011636    0x28  strncmp.o [3]
  .text              ro code  0x08011660    0x76  ABImemcpy_unaligned.o [5]
  .text              ro code  0x080116d8    0x42  strcmp_unaligned.o [5]
  .text              ro code  0x0801171c    0x16  strchr.o [5]
  .text              ro code  0x08011734   0x2e0  bsp_max7219.o [1]
  .text              ro code  0x08011a14   0x164  bsp_gpio.o [1]
  .text              ro code  0x08011b78    0x40  app_lib.o [1]
  .text              ro code  0x08011bb8   0x20c  stm32f10x_gpio.o [1]
  .text              ro code  0x08011dc4   0x188  stm32f10x_rcc.o [1]
  .text              ro code  0x08011f4c   0x274  bsp.o [1]
  .text              ro code  0x080121c0   0x11c  system_stm32f10x.o [1]
  .text              ro code  0x080122dc   0x1ca  stm32f10x_usart.o [1]
  .text              ro code  0x080124a8   0x324  stm32f10x_tim.o [1]
  .text              ro code  0x080127cc    0x6c  stm32f10x_adc.o [1]
  .text              ro code  0x08012838   0x182  bsp_int.o [1]
  .text              ro code  0x080129bc    0x98  bsp_os.o [1]
  .text              ro code  0x08012a54    0xfc  cpu_core.o [1]
  CODE               ro code  0x08012b50    0x34  cpu_a.o [1]
  .text              ro code  0x08012b84   0x100  cpu_c.o [1]
  .text              ro code  0x08012c84   0x8a4  os_core.o [1]
  .text              ro code  0x08013528   0x398  os_sem.o [1]
  .text              ro code  0x080138c0   0x2d8  os_time.o [1]
  .text              ro code  0x08013b98   0x1b0  os_cpu_c.o [1]
  .text              ro code  0x08013d48    0x78  os_prio.o [1]
  .text              ro code  0x08013dc0   0x604  os_flag.o [1]
  .text              ro code  0x080143c4   0x1a8  os_msg.o [1]
  .text              ro code  0x0801456c   0x408  os_q.o [1]
  .text              ro code  0x08014974   0xa08  os_task.o [1]
  .text              ro code  0x0801537c   0x34c  os_int.o [1]
  .text              ro code  0x080156c8   0x3c4  os_tick.o [1]
  .text              ro code  0x08015a8c   0x28c  os_tmr.o [1]
  .text              ro code  0x08015d18     0x2  os_cfg_app.o [1]
  CODE               ro code  0x08015d1c    0x84  os_cpu_a.o [1]
  .text              ro code  0x08015da0   0xa58  MBS_CORE.o [1]
  .text              ro code  0x080167f8   0x124  MB_DATA.o [1]
  .text              ro code  0x0801691c    0x7c  mb_app_hooks.o [1]
  .text              ro code  0x08016998   0x35e  MB.o [1]
  .text              ro code  0x08016cf8   0x388  app_task_comm.o [1]
  .text              ro code  0x08017080    0x88  MB_UTIL.o [1]
  .text              ro code  0x08017108   0x1f8  MB_OS.o [1]
  .text              ro code  0x08017300   0x5b0  MB_BSP.o [1]
  .text              ro code  0x080178b0    0xe0  app_comm_mtr.o [1]
  .text              ro code  0x08017990   0x130  app_comm_dtu.o [1]
  .text              ro code  0x08017ac0    0xfa  csnc_package_deal.o [1]
  .text              ro code  0x08017bba    0xfe  MBM_CORE.o [1]
  .text              ro code  0x08017cb8   0x338  app_comm_dtu_otr_deal.o [1]
  .text              ro code  0x08017ff0    0xbc  app_comm_protocol.o [1]
  .text              ro code  0x080180ac   0x230  IAP_program_mcu.o [1]
  .text              ro code  0x080182dc   0x258  app_chk.o [1]
  .text              ro code  0x08018534   0x196  bsp_ds3231.o [1]
  .text              ro code  0x080186ca   0x238  bsp_FRAM.o [1]
  .text              ro code  0x08018904    0x54  boot.o [1]
  .text              ro code  0x08018958   0x208  app_task_osal_disp.o [1]
  .text              ro code  0x08018b60   0x258  osal_timer.o [1]
  .text              ro code  0x08018db8   0x204  APP_task_osal_store.o [1]
  .text              ro code  0x08018fbc    0xe8  iap_flash.o [1]
  .text              ro code  0x080190a4   0x19e  bsp_IIC.o [1]
  .text              ro code  0x08019244    0x48  osal.o [1]
  .text              ro code  0x0801928c    0x66  ABImemset.o [5]
  .text              ro code  0x080192f4   0x4d2  MX25L1602Drv.o [1]
  .text              ro code  0x080197c8   0x104  stm32f10x_flash.o [1]
  .text              ro code  0x080198cc    0xe0  osal_event.o [1]
  .text              ro code  0x080199ac   0x1b0  bsp_DM412.o [1]
  .text              ro code  0x08019b5c   0x188  app_task_measure.o [1]
  .text              ro code  0x08019ce4   0x16e  app_task_osal_led.o [1]
  .text              ro code  0x08019e54   0x168  app.o [1]
  .text              ro code  0x08019fbc   0x158  main.o [1]
  .text              ro code  0x0801a114    0x34  stm32f10x_iwdg.o [1]
  .text              ro code  0x0801a148    0x8c  os_app_hooks.o [1]
  .text              ro code  0x0801a1d4   0x130  bsp_wdt.o [1]
  .text              ro code  0x0801a304   0x100  app_task_osal.o [1]
  .text              ro code  0x0801a404    0x14  misc.o [1]
  .text              ro code  0x0801a418    0x66  cstartup.o [1]
  .text              ro code  0x0801a480    0x38  bsp_rst.o [1]
  .rodata            const    0x0801a4b8    0x64  os_cfg_app.o [1]
  .text              ro code  0x0801a51c    0x60  app_task_osal_tmr.o [1]
  .rodata            const    0x0801a57c    0x50  sprintf.o [1]
  Initializer bytes  const    0x0801a5cc    0x48  <for P2-1>
  .text              ro code  0x0801a614    0x40  APP_task_osal_mtrsend.o [1]
  .text              ro code  0x0801a654    0x40  zero_init3.o [5]
  .text              ro code  0x0801a694    0x30  iarttio.o [6]
  .text              ro code  0x0801a6c4     0x8  XShttio.o [3]
  .text              ro code  0x0801a6cc    0x2c  copy_init3.o [5]
  .text              ro code  0x0801a6f8    0x28  data_init.o [5]
  .iar.init_table    const    0x0801a720    0x24  - Linker created -
  .text              ro code  0x0801a744    0x1a  cmain.o [5]
  .text              ro code  0x0801a75e     0x4  low_level_init.o [3]
  .text              ro code  0x0801a762     0x4  exit.o [3]
  .text              ro code  0x0801a768     0xa  cexit.o [5]
  .text              ro code  0x0801a774    0x14  exit.o [6]
  .text              ro code  0x0801a788     0xc  cstartup_M.o [5]
  .rodata            const    0x0801a794     0x0  zero_init3.o [5]
  .rodata            const    0x0801a794     0x0  copy_init3.o [5]
                            - 0x0801a794  0xa644

"P2", part 1 of 3:                          0x48
  P2-1                        0x20000000    0x46  <Init block>
    .data            inited   0x20000000     0x4  app_task_osal.o [1]
    .data            inited   0x20000004     0x4  bsp_max7219.o [1]
    .data            inited   0x20000008     0x8  sprintf.o [1]
    .data            inited   0x20000010     0xc  sprintf.o [1]
    .data            inited   0x2000001c     0xc  sprintf.o [1]
    .data            inited   0x20000028    0x14  stm32f10x_rcc.o [1]
    .data            inited   0x2000003c     0x8  XShttio.o [3]
    .data            inited   0x20000044     0x1  bsp_wdt.o [1]
    .data            inited   0x20000045     0x1  MX25L1602Drv.o [1]
                            - 0x20000046    0x46

"P2", part 2 of 3:                         0x200
  CSTACK                      0x20000048   0x200  <Block>
    CSTACK           uninit   0x20000048   0x200  <Block tail>
                            - 0x20000248   0x200

"P2", part 3 of 3:                        0x6314
  .bss               zero     0x20000248  0x1284  MB.o [1]
  .bss               zero     0x200014cc   0xc80  os_cfg_app.o [1]
  .bss               zero     0x2000214c   0x8dc  MB_OS.o [1]
  .bss               zero     0x20002a28   0x800  iap_flash.o [1]
  .bss               zero     0x20003228   0x800  os_cfg_app.o [1]
  .bss               zero     0x20003a28   0x4c4  app_var.o [1]
  .bss               zero     0x20003eec   0x4b8  app_task_comm.o [1]
  .bss               zero     0x200043a4   0x41c  IAP_program_mcu.o [1]
  .bss               zero     0x200047c0   0x2b8  app_task_measure.o [1]
  .bss               zero     0x20004a78   0x2b8  app_task_osal.o [1]
  .bss               zero     0x20004d30   0x200  os_cfg_app.o [1]
  .bss               zero     0x20004f30   0x200  os_cfg_app.o [1]
  .bss               zero     0x20005130   0x200  os_cfg_app.o [1]
  .bss               zero     0x20005330   0x200  os_cfg_app.o [1]
  .bss               zero     0x20005530   0x1f8  app_comm_protocol.o [1]
  .bss               zero     0x20005728   0x1b8  app.o [1]
  .bss               zero     0x200058e0   0x190  osal_timer.o [1]
  .bss               zero     0x20005a70   0x180  os_var.o [1]
  .bss               zero     0x20005bf0   0x110  bsp_int.o [1]
  .bss               zero     0x20005d00   0x100  app_task_comm.o [1]
  .bss               zero     0x20005e00   0x100  os_cfg_app.o [1]
  .bss               zero     0x20005f00    0xf0  osal_event.o [1]
  .bss               zero     0x20005ff0    0xb8  os_var.o [1]
  .bss               zero     0x200060a8    0xb8  os_var.o [1]
  .bss               zero     0x20006160    0xb8  os_var.o [1]
  .bss               zero     0x20006218    0xb8  os_var.o [1]
  .bss               zero     0x200062d0    0x88  os_cfg_app.o [1]
  .bss               zero     0x20006358    0x88  os_cfg_app.o [1]
  .bss               zero     0x200063e0    0x24  app_task_comm.o [1]
  .bss               zero     0x20006404    0x20  app.o [1]
  .bss               zero     0x20006424    0x1e  bsp_max7219.o [1]
  .bss               zero     0x20006442     0x2  os_var.o [1]
  .bss               zero     0x20006444    0x1c  app_task_measure.o [1]
  .bss               zero     0x20006460    0x1c  osal_event.o [1]
  .bss               zero     0x2000647c    0x18  cpu_core.o [1]
  .bss               zero     0x20006494    0x14  MB_BSP.o [1]
  .bss               zero     0x200064a8     0xc  os_var.o [1]
  .bss               zero     0x200064b4     0xc  osal_event.o [1]
  .bss               zero     0x200064c0     0xc  osal_timer.o [1]
  .bss               zero     0x200064cc     0x8  app_task_osal_disp.o [1]
  .bss               zero     0x200064d4     0x4  boot.o [1]
  .bss               zero     0x200064d8     0x4  cpu_core.o [1]
  .bss               zero     0x200064dc     0x4  MB.o [1]
  .bss               zero     0x200064e0     0x4  MB_BSP.o [1]
  .bss               zero     0x200064e4     0x4  os_cpu_c.o [1]
  .bss               zero     0x200064e8     0x4  os_cpu_c.o [1]
  .bss               zero     0x200064ec     0x4  os_prio.o [1]
  .bss               zero     0x200064f0     0x4  os_var.o [1]
  .bss               zero     0x200064f4     0x4  os_var.o [1]
  .bss               zero     0x200064f8     0x4  os_var.o [1]
  .bss               zero     0x200064fc     0x4  os_var.o [1]
  .bss               zero     0x20006500     0x4  os_var.o [1]
  .bss               zero     0x20006504     0x4  os_var.o [1]
  .bss               zero     0x20006508     0x4  os_var.o [1]
  .bss               zero     0x2000650c     0x4  os_var.o [1]
  .bss               zero     0x20006510     0x4  os_var.o [1]
  .bss               zero     0x20006514     0x4  os_var.o [1]
  .bss               zero     0x20006518     0x4  os_var.o [1]
  .bss               zero     0x2000651c     0x4  os_var.o [1]
  .bss               zero     0x20006520     0x4  os_var.o [1]
  .bss               zero     0x20006524     0x4  os_var.o [1]
  .bss               zero     0x20006528     0x4  os_var.o [1]
  .bss               zero     0x2000652c     0x4  os_var.o [1]
  .bss               zero     0x20006530     0x4  os_var.o [1]
  .bss               zero     0x20006534     0x4  os_var.o [1]
  .bss               zero     0x20006538     0x4  os_var.o [1]
  .bss               zero     0x2000653c     0x4  os_var.o [1]
  .bss               zero     0x20006540     0x4  os_var.o [1]
  .bss               zero     0x20006544     0x2  os_var.o [1]
  .bss               zero     0x20006546     0x2  os_var.o [1]
  .bss               zero     0x20006548     0x2  os_var.o [1]
  .bss               zero     0x2000654a     0x2  os_var.o [1]
  .bss               zero     0x2000654c     0x2  os_var.o [1]
  .bss               zero     0x2000654e     0x2  os_var.o [1]
  .bss               zero     0x20006550     0x1  app_comm_mtr.o [1]
  .bss               zero     0x20006551     0x1  app_task_osal_led.o [1]
  .bss               zero     0x20006552     0x1  bsp.o [1]
  .bss               zero     0x20006553     0x1  bsp_max7219.o [1]
  .bss               zero     0x20006554     0x1  os_var.o [1]
  .bss               zero     0x20006555     0x1  os_var.o [1]
  .bss               zero     0x20006556     0x1  os_var.o [1]
  .bss               zero     0x20006557     0x1  os_var.o [1]
  .bss               zero     0x20006558     0x1  os_var.o [1]
  .bss               zero     0x20006559     0x1  os_var.o [1]
  .bss               zero     0x2000655a     0x1  os_var.o [1]
  .bss               zero     0x2000655b     0x1  os_var.o [1]
                            - 0x2000655c  0x6314


*******************************************************************************
*** INIT TABLE
***

          Address     Size
          -------     ----
Zero (__iar_zero_init3)
    1 destination range, total size 0x6314:
          0x20000248  0x6314

Copy (__iar_copy_init3)
    1 source range, total size 0x48 (102% of destination):
          0x0801a5cc    0x48
    1 destination range, total size 0x46:
          0x20000000    0x46



*******************************************************************************
*** MODULE SUMMARY
***

    Module                   ro code  ro data  rw data
    ------                   -------  -------  -------
F:\iar\NC199B-100\Output\Lib\Debug-RC\Obj: [1]
    APP_task_osal_mtrsend.o       64
    APP_task_osal_store.o        516
    IAP_program_mcu.o            560             1 052
    MB.o                         862             4 744
    MBM_CORE.o                   254
    MBS_CORE.o                 2 648
    MB_BSP.o                   1 456                24
    MB_DATA.o                    292
    MB_OS.o                      504             2 268
    MB_UTIL.o                    136
    MX25L1602Drv.o             1 234        1        1
    app.o                        360               472
    app_chk.o                    600
    app_comm_dtu.o               304
    app_comm_dtu_otr_deal.o      824
    app_comm_mtr.o               224                 1
    app_comm_protocol.o          188               504
    app_lib.o                     64
    app_task_comm.o              904             1 500
    app_task_measure.o           392               724
    app_task_osal.o              256        4      700
    app_task_osal_disp.o         520                 8
    app_task_osal_led.o          366                 1
    app_task_osal_tmr.o           96
    app_var.o                                    1 220
    boot.o                        84                 4
    bsp.o                        628                 1
    bsp_DM412.o                  432
    bsp_FRAM.o                   568
    bsp_IIC.o                    414
    bsp_ds3231.o                 406
    bsp_gpio.o                   356
    bsp_int.o                    386               272
    bsp_max7219.o                736        4       35
    bsp_os.o                     152
    bsp_rst.o                     56
    bsp_wdt.o                    304        1        1
    cpu_a.o                       52
    cpu_c.o                      256
    cpu_core.o                   252                28
    csnc_package_deal.o          250
    cstartup.o                   102      336
    iap_flash.o                  232             2 048
    main.o                       344
    mb_app_hooks.o               124
    misc.o                        20
    os_app_hooks.o               140
    os_cfg_app.o                   2      100    7 824
    os_core.o                  2 212
    os_cpu_a.o                   132
    os_cpu_c.o                   432                 8
    os_flag.o                  1 540
    os_int.o                     844
    os_msg.o                     424
    os_prio.o                    120                 4
    os_q.o                     1 032
    os_sem.o                     920
    os_task.o                  2 568
    os_tick.o                    964
    os_time.o                    728
    os_tmr.o                     652
    os_var.o                                     1 238
    osal.o                        72
    osal_event.o                 224               280
    osal_timer.o                 600               412
    sprintf.o                  3 984      112       32
    stm32f10x_adc.o              108
    stm32f10x_flash.o            260
    stm32f10x_gpio.o             524
    stm32f10x_iwdg.o              52
    stm32f10x_rcc.o              392       20       20
    stm32f10x_tim.o              804
    stm32f10x_usart.o            458
    system_stm32f10x.o           284
    --------------------------------------------------
    Total:                    40 250      578   25 426

command line: [2]
    --------------------------------------------------
    Total:

dl7M_tlf.a: [3]
    XShttio.o                      8        8        8
    exit.o                         4
    low_level_init.o               4
    strncmp.o                     40
    --------------------------------------------------
    Total:                        56        8        8

m7M_tl.a: [4]
    DblAdd.o                     232
    DblCmpGe.o                    46
    DblCmpLe.o                    46
    DblMul.o                     418
    DblSub.o                     384
    DblToI32.o                    76
    I32ToDbl.o                    44
    --------------------------------------------------
    Total:                     1 246

rt7M_tl.a: [5]
    ABImemcpy_unaligned.o        118
    ABImemset.o                  102
    ABImemset48.o                 58
    cexit.o                       10
    cmain.o                       26
    copy_init3.o                  44
    cstartup_M.o                  12
    data_init.o                   40
    strchr.o                      22
    strcmp_unaligned.o            66
    strlen.o                      54
    zero_init3.o                  64
    --------------------------------------------------
    Total:                       616

shb_l.a: [6]
    exit.o                        20
    iarttio.o                     48
    --------------------------------------------------
    Total:                        68

    Gaps                          40
    Linker created                         38      512
------------------------------------------------------
    Grand Total:              42 276      624   25 946


*******************************************************************************
*** ENTRY LIST
***

Entry                      Address    Size  Type      Object
-----                      -------    ----  ----      ------
.iar.init_table$$Base   0x0801a720           --   Gb  - Linker created -
.iar.init_table$$Limit  0x0801a744           --   Gb  - Linker created -
?main                   0x0801a745          Code  Gb  cmain.o [5]
ADCPrescTable           0x20000038     0x4  Data  Lc  stm32f10x_rcc.o [1]
ADC_DeInit              0x080127cd    0x5e  Code  Gb  stm32f10x_adc.o [1]
APBAHBPrescTable        0x20000028    0x10  Data  Lc  stm32f10x_rcc.o [1]
APP_CommInit            0x08016e6f    0x2c  Code  Lc  app_task_comm.o [1]
APP_CommRxDataDealCB    0x08016e9b    0xe0  Code  Gb  app_task_comm.o [1]
APP_MeasureInit         0x08019cbd     0x2  Code  Lc  app_task_measure.o [1]
APP_OsalInit            0x0801a3d1     0xc  Code  Lc  app_task_osal.o [1]
AppObjCreate            0x08019f6b    0x12  Code  Lc  app.o [1]
AppTaskComm             0x08016d35    0x8a  Code  Lc  app_task_comm.o [1]
AppTaskCommStk          0x20003fa4   0x400  Data  Lc  app_task_comm.o [1]
AppTaskCommTCB          0x20003eec    0xb8  Data  Lc  app_task_comm.o [1]
AppTaskCreate           0x08019f99     0x4  Code  Lc  app.o [1]
AppTaskMeasure          0x08019b99    0x22  Code  Lc  app_task_measure.o [1]
AppTaskMeasureStk       0x20004878   0x200  Data  Lc  app_task_measure.o [1]
AppTaskMeasureTCB       0x200047c0    0xb8  Data  Lc  app_task_measure.o [1]
AppTaskOsal             0x0801a341    0x90  Code  Lc  app_task_osal.o [1]
AppTaskOsalStk          0x20004b30   0x200  Data  Lc  app_task_osal.o [1]
AppTaskOsalTCB          0x20004a78    0xb8  Data  Lc  app_task_osal.o [1]
AppTaskStart            0x08019eb9    0xb2  Code  Lc  app.o [1]
AppTaskStartStk         0x200057e0   0x100  Data  Lc  app.o [1]
AppTaskStartTCB         0x20005728    0xb8  Data  Lc  app.o [1]
App_BusFault_ISR        0x0801a43d    0x10  Code  Lc  cstartup.o [1]
App_Fault_ISR           0x0801a429    0x14  Code  Lc  cstartup.o [1]
App_MB_RdNRegsHook      0x0801691d    0x72  Code  Gb  mb_app_hooks.o [1]
App_MB_WrNRegsHook      0x08016995     0x4  Code  Gb  mb_app_hooks.o [1]
App_Main                0x0801a08d    0x18  Code  Gb  main.o [1]
App_MemFault_ISR        0x0801a45d    0x10  Code  Lc  cstartup.o [1]
App_ModbusInit          0x08016dbf    0xb0  Code  Gb  app_task_comm.o [1]
App_NMI_ISR             0x0801a419    0x10  Code  Lc  cstartup.o [1]
App_OS_IdleTaskHook     0x0801a1c5     0x4  Code  Gb  os_app_hooks.o [1]
App_OS_SetAllHooks      0x0801a149    0x52  Code  Gb  os_app_hooks.o [1]
App_OS_StatTaskHook     0x0801a1c9     0x2  Code  Gb  os_app_hooks.o [1]
App_OS_TaskCreateHook   0x0801a1b9     0x2  Code  Gb  os_app_hooks.o [1]
App_OS_TaskDelHook      0x0801a1bd     0x2  Code  Gb  os_app_hooks.o [1]
App_OS_TaskReturnHook   0x0801a1c1     0x2  Code  Gb  os_app_hooks.o [1]
App_OS_TaskSwHook       0x0801a1cd     0x2  Code  Gb  os_app_hooks.o [1]
App_OS_TimeTickHook     0x0801a1d1     0x4  Code  Gb  os_app_hooks.o [1]
App_Reserved_ISR        0x0801a47d     0x2  Code  Lc  cstartup.o [1]
App_Spurious_ISR        0x0801a46d    0x10  Code  Lc  cstartup.o [1]
App_TaskCommCreate      0x08016cf9    0x3c  Code  Gb  app_task_comm.o [1]
App_TaskMeasureCreate   0x08019b5d    0x3c  Code  Gb  app_task_measure.o [1]
App_TaskOsalCreate      0x0801a305    0x3c  Code  Gb  app_task_osal.o [1]
App_UsageFault_ISR      0x0801a44d    0x10  Code  Lc  cstartup.o [1]
BCD2HEX                 0x08018535    0x12  Code  Gb  bsp_ds3231.o [1]
BSP_CPU_ClkFreq         0x08012025    0x10  Code  Gb  bsp.o [1]
BSP_CPU_ClkFreq_MHz     0x20006552     0x1  Data  Gb  bsp.o [1]
BSP_Disp                0x0801189f    0x28  Code  Gb  bsp_max7219.o [1]
BSP_DispClrAll          0x0801191f    0x18  Code  Gb  bsp_max7219.o [1]
BSP_DispEvtProcess      0x080118e7    0x38  Code  Gb  bsp_max7219.o [1]
BSP_DispInit            0x0801195d    0x34  Code  Gb  bsp_max7219.o [1]
BSP_DispOff             0x080118c7    0x20  Code  Gb  bsp_max7219.o [1]
BSP_DispSetBrightness   0x08011937    0x18  Code  Gb  bsp_max7219.o [1]
BSP_GpioInit            0x08011fe3    0x42  Code  Lc  bsp.o [1]
BSP_Init                0x08011f51    0x92  Code  Gb  bsp.o [1]
BSP_IntDisAll           0x08012839     0x4  Code  Gb  bsp_int.o [1]
BSP_IntEn               0x0801283d     0xe  Code  Gb  bsp_int.o [1]
BSP_IntHandler          0x0801297f    0x34  Code  Lc  bsp_int.o [1]
BSP_IntHandlerADC1_2    0x080128d5     0x4  Code  Gb  bsp_int.o [1]
BSP_IntHandlerCAN1_RX0  0x080128dd     0x4  Code  Gb  bsp_int.o [1]
BSP_IntHandlerCAN1_RX1  0x080128e1     0x4  Code  Gb  bsp_int.o [1]
BSP_IntHandlerCAN1_SCE  0x080128e5     0x4  Code  Gb  bsp_int.o [1]
BSP_IntHandlerCAN1_TX   0x080128d9     0x4  Code  Gb  bsp_int.o [1]
BSP_IntHandlerCAN2_RX0  0x08012971     0x4  Code  Gb  bsp_int.o [1]
BSP_IntHandlerCAN2_RX1  0x08012975     0x4  Code  Gb  bsp_int.o [1]
BSP_IntHandlerCAN2_SCE  0x08012979     0x4  Code  Gb  bsp_int.o [1]
BSP_IntHandlerCAN2_TX   0x0801296d     0x4  Code  Gb  bsp_int.o [1]
BSP_IntHandlerDMA1_CH1  0x080128b9     0x4  Code  Gb  bsp_int.o [1]
BSP_IntHandlerDMA1_CH2  0x080128bd     0x4  Code  Gb  bsp_int.o [1]
BSP_IntHandlerDMA1_CH3  0x080128c1     0x4  Code  Gb  bsp_int.o [1]
BSP_IntHandlerDMA1_CH4  0x080128c5     0x4  Code  Gb  bsp_int.o [1]
BSP_IntHandlerDMA1_CH5  0x080128c9     0x4  Code  Gb  bsp_int.o [1]
BSP_IntHandlerDMA1_CH6  0x080128cd     0x4  Code  Gb  bsp_int.o [1]
BSP_IntHandlerDMA1_CH7  0x080128d1     0x4  Code  Gb  bsp_int.o [1]
BSP_IntHandlerDMA2_CH1  0x08012951     0x4  Code  Gb  bsp_int.o [1]
BSP_IntHandlerDMA2_CH2  0x08012955     0x4  Code  Gb  bsp_int.o [1]
BSP_IntHandlerDMA2_CH3  0x08012959     0x4  Code  Gb  bsp_int.o [1]
BSP_IntHandlerDMA2_CH4  0x0801295d     0x4  Code  Gb  bsp_int.o [1]
BSP_IntHandlerDMA2_CH5  0x08012961     0x4  Code  Gb  bsp_int.o [1]
BSP_IntHandlerDummy     0x080129b9     0x2  Code  Lc  bsp_int.o [1]
BSP_IntHandlerETH       0x08012965     0x4  Code  Gb  bsp_int.o [1]
BSP_IntHandlerETHWakeup
                        0x08012969     0x4  Code  Gb  bsp_int.o [1]
BSP_IntHandlerEXTI0     0x080128a5     0x4  Code  Gb  bsp_int.o [1]
BSP_IntHandlerEXTI1     0x080128a9     0x4  Code  Gb  bsp_int.o [1]
BSP_IntHandlerEXTI15_10
                        0x0801292d     0x4  Code  Gb  bsp_int.o [1]
BSP_IntHandlerEXTI2     0x080128ad     0x4  Code  Gb  bsp_int.o [1]
BSP_IntHandlerEXTI3     0x080128b1     0x4  Code  Gb  bsp_int.o [1]
BSP_IntHandlerEXTI4     0x080128b5     0x4  Code  Gb  bsp_int.o [1]
BSP_IntHandlerEXTI9_5   0x080128e9     0x4  Code  Gb  bsp_int.o [1]
BSP_IntHandlerFLASH     0x0801289d     0x4  Code  Gb  bsp_int.o [1]
BSP_IntHandlerI2C1_ER   0x0801290d     0x4  Code  Gb  bsp_int.o [1]
BSP_IntHandlerI2C1_EV   0x08012909     0x4  Code  Gb  bsp_int.o [1]
BSP_IntHandlerI2C2_ER   0x08012915     0x4  Code  Gb  bsp_int.o [1]
BSP_IntHandlerI2C2_EV   0x08012911     0x4  Code  Gb  bsp_int.o [1]
BSP_IntHandlerOTG       0x0801297d     0x2  Code  Gb  bsp_int.o [1]
BSP_IntHandlerPVD       0x08012891     0x4  Code  Gb  bsp_int.o [1]
BSP_IntHandlerRCC       0x080128a1     0x4  Code  Gb  bsp_int.o [1]
BSP_IntHandlerRTC       0x08012899     0x4  Code  Gb  bsp_int.o [1]
BSP_IntHandlerRTCAlarm  0x08012931     0x4  Code  Gb  bsp_int.o [1]
BSP_IntHandlerSPI1      0x08012919     0x4  Code  Gb  bsp_int.o [1]
BSP_IntHandlerSPI2      0x0801291d     0x4  Code  Gb  bsp_int.o [1]
BSP_IntHandlerSPI3      0x0801293d     0x4  Code  Gb  bsp_int.o [1]
BSP_IntHandlerTAMPER    0x08012895     0x4  Code  Gb  bsp_int.o [1]
BSP_IntHandlerTIM1_BRK  0x080128ed     0x4  Code  Gb  bsp_int.o [1]
BSP_IntHandlerTIM1_CC   0x080128f9     0x4  Code  Gb  bsp_int.o [1]
BSP_IntHandlerTIM1_TRG_COM
                        0x080128f5     0x4  Code  Gb  bsp_int.o [1]
BSP_IntHandlerTIM1_UP   0x080128f1     0x4  Code  Gb  bsp_int.o [1]
BSP_IntHandlerTIM2      0x080128fd     0x4  Code  Gb  bsp_int.o [1]
BSP_IntHandlerTIM3      0x08012901     0x4  Code  Gb  bsp_int.o [1]
BSP_IntHandlerTIM4      0x08012905     0x4  Code  Gb  bsp_int.o [1]
BSP_IntHandlerTIM5      0x08012939     0x4  Code  Gb  bsp_int.o [1]
BSP_IntHandlerTIM6      0x08012949     0x4  Code  Gb  bsp_int.o [1]
BSP_IntHandlerTIM7      0x0801294d     0x4  Code  Gb  bsp_int.o [1]
BSP_IntHandlerUSART1    0x08012921     0x4  Code  Gb  bsp_int.o [1]
BSP_IntHandlerUSART2    0x08012925     0x4  Code  Gb  bsp_int.o [1]
BSP_IntHandlerUSART3    0x08012929     0x4  Code  Gb  bsp_int.o [1]
BSP_IntHandlerUSART4    0x08012941     0x4  Code  Gb  bsp_int.o [1]
BSP_IntHandlerUSART5    0x08012945     0x4  Code  Gb  bsp_int.o [1]
BSP_IntHandlerUSBWakeUp
                        0x08012935     0x4  Code  Gb  bsp_int.o [1]
BSP_IntHandlerWWDG      0x0801288d     0x4  Code  Gb  bsp_int.o [1]
BSP_IntInit             0x08012875    0x18  Code  Gb  bsp_int.o [1]
BSP_IntVectSet          0x0801284b    0x2a  Code  Gb  bsp_int.o [1]
BSP_IntVectTbl          0x20005bf0   0x110  Data  Lc  bsp_int.o [1]
BSP_LED_Flash           0x080120f5    0x44  Code  Gb  bsp.o [1]
BSP_LED_Off             0x08012065    0x30  Code  Gb  bsp.o [1]
BSP_LED_On              0x08012035    0x30  Code  Gb  bsp.o [1]
BSP_LED_Toggle          0x08012095    0x60  Code  Gb  bsp.o [1]
BSP_MAX7219Init         0x080117a5    0x20  Code  Gb  bsp_max7219.o [1]
BSP_OS_SemCreate        0x080129bd    0x1c  Code  Gb  bsp_os.o [1]
BSP_OS_SemPost          0x08012a05    0x16  Code  Gb  bsp_os.o [1]
BSP_OS_SemWait          0x080129d9    0x28  Code  Gb  bsp_os.o [1]
BSP_OS_TimeDly          0x08012a1b    0x3a  Code  Gb  bsp_os.o [1]
BSP_RST_SystemRst       0x0801a4a5    0x14  Code  Gb  bsp_rst.o [1]
BSP_RccInit             0x08011f4d     0x4  Code  Gb  bsp.o [1]
BSP_StoreInit           0x08018f3f    0x3e  Code  Gb  APP_task_osal_store.o [1]
BSP_WDT_Init            0x0801a26d    0x84  Code  Gb  bsp_wdt.o [1]
BSP_WDT_Rst             0x0801a1d5    0x98  Code  Gb  bsp_wdt.o [1]
BSP_WdtMode             0x20000044     0x1  Data  Gb  bsp_wdt.o [1]
Boot                    0x0801893d     0xc  Code  Gb  boot.o [1]
Bsp_MeasureSem          0x20006444    0x1c  Data  Gb  app_task_measure.o [1]
CE_High                 0x08019307     0x4  Code  Gb  MX25L1602Drv.o [1]
CE_Low                  0x08019303     0x4  Code  Gb  MX25L1602Drv.o [1]
CPU_CntLeadZeros        0x08012b6f          Code  Gb  cpu_a.o [1]
CPU_CntTrailZeros       0x08012b75          Code  Gb  cpu_a.o [1]
CPU_Init                0x08012a55     0xc  Code  Gb  cpu_core.o [1]
CPU_IntDis              0x08012b51          Code  Gb  cpu_a.o [1]
CPU_IntDisMeasCtr       0x2000647c     0x2  Data  Gb  cpu_core.o [1]
CPU_IntDisMeasInit      0x08012aef    0x48  Code  Lc  cpu_core.o [1]
CPU_IntDisMeasMaxCalc   0x08012b37    0x10  Code  Lc  cpu_core.o [1]
CPU_IntDisMeasMaxCurGet
                        0x08012a81    0x16  Code  Gb  cpu_core.o [1]
CPU_IntDisMeasMaxCurReset
                        0x08012a67    0x1a  Code  Gb  cpu_core.o [1]
CPU_IntDisMeasMaxCur_cnts
                        0x2000648c     0x4  Data  Gb  cpu_core.o [1]
CPU_IntDisMeasMax_cnts  0x20006490     0x4  Data  Gb  cpu_core.o [1]
CPU_IntDisMeasOvrhd_cnts
                        0x20006488     0x4  Data  Gb  cpu_core.o [1]
CPU_IntDisMeasStart     0x08012a97    0x1e  Code  Gb  cpu_core.o [1]
CPU_IntDisMeasStart_cnts
                        0x20006480     0x4  Data  Gb  cpu_core.o [1]
CPU_IntDisMeasStop      0x08012ab5    0x30  Code  Gb  cpu_core.o [1]
CPU_IntDisMeasStop_cnts
                        0x20006484     0x4  Data  Gb  cpu_core.o [1]
CPU_IntDisNestCtr       0x2000647e     0x2  Data  Gb  cpu_core.o [1]
CPU_IntEn               0x08012b55          Code  Gb  cpu_a.o [1]
CPU_IntSrcEn            0x08012b85    0xf4  Code  Gb  cpu_c.o [1]
CPU_RevBits             0x08012b7f          Code  Gb  cpu_a.o [1]
CPU_SR_Restore          0x08012b61          Code  Gb  cpu_a.o [1]
CPU_SR_Save             0x08012b59          Code  Gb  cpu_a.o [1]
CPU_TS_Init             0x08012ae5     0xa  Code  Lc  cpu_core.o [1]
CPU_TS_TmrFreqSet       0x08012a61     0x6  Code  Gb  cpu_core.o [1]
CPU_TS_TmrFreq_Hz       0x200064d8     0x4  Data  Gb  cpu_core.o [1]
CPU_TS_TmrInit          0x08012139    0x26  Code  Gb  bsp.o [1]
CPU_TS_TmrRd            0x0801215f     0x6  Code  Gb  bsp.o [1]
CPU_WaitForExcept       0x08012b6b          Code  Gb  cpu_a.o [1]
CPU_WaitForInt          0x08012b67          Code  Gb  cpu_a.o [1]
CSNC_SendData           0x08017ff1    0xb6  Code  Gb  app_comm_protocol.o [1]
CSTACK$$Base            0x20000048           --   Gb  - Linker created -
CSTACK$$Limit           0x20000248           --   Gb  - Linker created -
CheckSlaveAckI2C        0x080191c1    0x18  Code  Gb  bsp_IIC.o [1]
CloseAir                0x08019bf9    0x2a  Code  Gb  app_task_measure.o [1]
Ctrl                    0x20003a28   0x4c4  Data  Gb  app_var.o [1]
DataUnpack_CSNC         0x08017ac1    0xfa  Code  Gb  csnc_package_deal.o [1]
Delay_Nms               0x08011b8f    0x2a  Code  Gb  app_lib.o [1]
Delay_Nus               0x08011b79    0x16  Code  Gb  app_lib.o [1]
FLASH_ErasePage         0x080197e9    0x3a  Code  Gb  stm32f10x_flash.o [1]
FLASH_GetBank1Status    0x08019877    0x22  Code  Gb  stm32f10x_flash.o [1]
FLASH_Lock              0x080197db     0xe  Code  Gb  stm32f10x_flash.o [1]
FLASH_ProgramWord       0x08019823    0x54  Code  Gb  stm32f10x_flash.o [1]
FLASH_Unlock            0x080197c9    0x12  Code  Gb  stm32f10x_flash.o [1]
FLASH_WaitForLastOperation
                        0x080198ad    0x20  Code  Gb  stm32f10x_flash.o [1]
FRAM_ReadAirPara        0x0801884f    0x70  Code  Gb  bsp_FRAM.o [1]
FRAM_ReadCurRecord      0x08018837    0x18  Code  Gb  bsp_FRAM.o [1]
FRAM_ReadProductInfo    0x08018815    0x22  Code  Gb  bsp_FRAM.o [1]
FRAM_ReadRecNumMgr      0x080187c5    0x2e  Code  Gb  bsp_FRAM.o [1]
FRAM_ReadRunPara        0x080188e1    0x22  Code  Gb  bsp_FRAM.o [1]
FRAM_SendEvent          0x080186cf     0x2  Code  Lc  bsp_FRAM.o [1]
FRAM_StoreProductInfo   0x080187f3    0x22  Code  Gb  bsp_FRAM.o [1]
FRAM_StoreRecNumMgr     0x08018797    0x2e  Code  Gb  bsp_FRAM.o [1]
FRAM_StoreRunPara       0x080188bf    0x22  Code  Gb  bsp_FRAM.o [1]
FRAM_WaitEvent          0x080186cb     0x4  Code  Lc  bsp_FRAM.o [1]
GPIO_DeInit             0x08011bb9    0xbe  Code  Gb  stm32f10x_gpio.o [1]
GPIO_Fram_Init          0x080190b3    0x2e  Code  Gb  bsp_IIC.o [1]
GPIO_Init               0x08011c77    0x9e  Code  Gb  stm32f10x_gpio.o [1]
GPIO_PinRemapConfig     0x08011d3d    0x68  Code  Gb  stm32f10x_gpio.o [1]
GPIO_PinselConfig       0x08011a6d    0x5e  Code  Gb  bsp_gpio.o [1]
GPIO_ReadInputDataBit   0x08011d15     0xe  Code  Gb  stm32f10x_gpio.o [1]
GPIO_ReadIoVal          0x08011acb    0x5c  Code  Gb  bsp_gpio.o [1]
GPIO_ReadOutputData     0x08011d23     0x6  Code  Gb  stm32f10x_gpio.o [1]
GPIO_ResetBits          0x08011d2d     0x4  Code  Gb  stm32f10x_gpio.o [1]
GPIO_SetBits            0x08011d29     0x4  Code  Gb  stm32f10x_gpio.o [1]
GPIO_SetOrClearValue    0x08011a15    0x58  Code  Gb  bsp_gpio.o [1]
GPIO_WriteBit           0x08011d31     0xc  Code  Gb  stm32f10x_gpio.o [1]
GetCheckSumNR           0x0801830b    0x28  Code  Gb  app_chk.o [1]
GetCrc16Check           0x080182dd    0x2e  Code  Gb  app_chk.o [1]
GetRecNumAddr           0x08018db9     0x8  Code  Gb  APP_task_osal_store.o [1]
Get_Byte                0x08019403     0x2  Code  Gb  MX25L1602Drv.o [1]
HEX2BCD                 0x08018547    0x1e  Code  Gb  bsp_ds3231.o [1]
I2C_delay               0x080190a5     0xe  Code  Gb  bsp_IIC.o [1]
IAP_PragramDeal         0x080180e9   0x1da  Code  Gb  IAP_program_mcu.o [1]
IAP_ReadParaFlash       0x080180c1    0x10  Code  Gb  IAP_program_mcu.o [1]
IAP_WriteFlash          0x080180d1    0x16  Code  Gb  IAP_program_mcu.o [1]
IAP_WriteParaFlash      0x080180ad    0x14  Code  Gb  IAP_program_mcu.o [1]
IWDG_Enable             0x0801a131     0xa  Code  Gb  stm32f10x_iwdg.o [1]
IWDG_ReloadCounter      0x0801a127     0xa  Code  Gb  stm32f10x_iwdg.o [1]
IWDG_SetPrescaler       0x0801a11b     0x6  Code  Gb  stm32f10x_iwdg.o [1]
IWDG_SetReload          0x0801a121     0x6  Code  Gb  stm32f10x_iwdg.o [1]
IWDG_WriteAccessCmd     0x0801a115     0x6  Code  Gb  stm32f10x_iwdg.o [1]
InitDS3231              0x080186b3    0x18  Code  Gb  bsp_ds3231.o [1]
InitFlashIO             0x0801930b    0x3e  Code  Gb  MX25L1602Drv.o [1]
JMP_Boot                0x08018905    0x38  Code  Gb  boot.o [1]
JudgeFlashIDErrFlg      0x08019789    0x2a  Code  Gb  MX25L1602Drv.o [1]
LED_SEG_CODE            0x08011990    0x84  Data  Gb  bsp_max7219.o [1]
LED_SPI_SendData        0x080117c5    0x26  Code  Gb  bsp_max7219.o [1]
LedDispBuf              0x20000004     0x4  Data  Gb  bsp_max7219.o [1]
LedDispCtrl             0x20006424    0x1c  Data  Gb  bsp_max7219.o [1]
MBM_FC03_HoldingRegRd   0x08017bc3    0xf6  Code  Gb  MBM_CORE.o [1]
MBM_RxReply             0x08017bbf     0x4  Code  Gb  MBM_CORE.o [1]
MBM_TxCmd               0x08017bbb     0x4  Code  Gb  MBM_CORE.o [1]
MBS_ErrRespSet          0x08015da1    0x28  Code  Lc  MBS_CORE.o [1]
MBS_FC01_CoilRd         0x08015ec1    0xe8  Code  Lc  MBS_CORE.o [1]
MBS_FC03_HoldingRegRd   0x08015fa9    0xda  Code  Lc  MBS_CORE.o [1]
MBS_FC05_CoilWr         0x08016083    0xa0  Code  Lc  MBS_CORE.o [1]
MBS_FC06_HoldingRegWr   0x08016123    0xa2  Code  Lc  MBS_CORE.o [1]
MBS_FC08_Loopback       0x080161c5    0xde  Code  Lc  MBS_CORE.o [1]
MBS_FC15_CoilWrMultiple
                        0x080162a3    0xfe  Code  Lc  MBS_CORE.o [1]
MBS_FC16_HoldingRegWrMultiple
                        0x080163a1   0x130  Code  Lc  MBS_CORE.o [1]
MBS_FC20_FileRd         0x080164d1   0x118  Code  Lc  MBS_CORE.o [1]
MBS_FC21_FileWr         0x080165e9   0x12e  Code  Lc  MBS_CORE.o [1]
MBS_FCxx_Handler        0x08015dc9    0xf8  Code  Gb  MBS_CORE.o [1]
MBS_RTU_Task            0x08016733    0xc6  Code  Lc  MBS_CORE.o [1]
MBS_RxTask              0x08016725     0xe  Code  Gb  MBS_CORE.o [1]
MBS_StatInit            0x08016717     0xe  Code  Gb  MBS_CORE.o [1]
MB_CfgCh                0x080169eb    0xa8  Code  Gb  MB.o [1]
MB_ChCtr                0x20000248     0x1  Data  Gb  MB.o [1]
MB_ChPortMap            0x20006494    0x14  Data  Lc  MB_BSP.o [1]
MB_ChTbl                0x2000032c  0x11a0  Data  Gb  MB.o [1]
MB_ChToPortMap          0x08016acd     0x8  Code  Gb  MB.o [1]
MB_CoilRd               0x080167f9    0x42  Code  Gb  MB_DATA.o [1]
MB_CoilWr               0x0801683b    0x66  Code  Gb  MB_DATA.o [1]
MB_CommPortCfg          0x08017301   0x2c8  Code  Gb  MB_BSP.o [1]
MB_CommRxIntDis         0x080175c9    0x7c  Code  Gb  MB_BSP.o [1]
MB_CommRxIntEn          0x08017645    0x84  Code  Gb  MB_BSP.o [1]
MB_CommTx1              0x08017753     0x8  Code  Gb  MB_BSP.o [1]
MB_CommTxIntDis         0x0801775b    0x38  Code  Gb  MB_BSP.o [1]
MB_CommTxIntEn          0x08017793    0x38  Code  Gb  MB_BSP.o [1]
MB_FileRd               0x0801690d     0x8  Code  Gb  MB_DATA.o [1]
MB_FileWr               0x08016915     0x8  Code  Gb  MB_DATA.o [1]
MB_HoldingRegRd         0x080168a1    0x48  Code  Gb  MB_DATA.o [1]
MB_HoldingRegWr         0x080168e9    0x1e  Code  Gb  MB_DATA.o [1]
MB_Init                 0x08016999    0x52  Code  Gb  MB.o [1]
MB_MasterTimeoutSet     0x08016a93     0x8  Code  Gb  MB.o [1]
MB_ModeSet              0x08016a9b    0x22  Code  Gb  MB.o [1]
MB_NodeAddrSet          0x08016abd     0x8  Code  Gb  MB.o [1]
MB_OS_Init              0x08017109     0xc  Code  Gb  MB_OS.o [1]
MB_OS_InitMaster        0x08017115    0x30  Code  Lc  MB_OS.o [1]
MB_OS_InitSlave         0x08017145    0x4a  Code  Lc  MB_OS.o [1]
MB_OS_RxQ               0x20002a04    0x24  Data  Lc  MB_OS.o [1]
MB_OS_RxSemTbl          0x2000024c    0x70  Data  Gb  MB.o [1]
MB_OS_RxSignal          0x0801718f    0x2c  Code  Gb  MB_OS.o [1]
MB_OS_RxTask            0x08017295    0x1e  Code  Lc  MB_OS.o [1]
MB_OS_RxTaskStk         0x2000214c   0x800  Data  Lc  MB_OS.o [1]
MB_OS_RxTaskTCB         0x2000294c    0xb8  Data  Lc  MB_OS.o [1]
MB_OS_RxWait            0x080171bb    0x7e  Code  Gb  MB_OS.o [1]
MB_OS_TxOver            0x08017283    0x10  Code  Gb  MB_OS.o [1]
MB_OS_TxSemTbl          0x200002bc    0x70  Data  Gb  MB.o [1]
MB_OS_TxWait            0x08017239    0x4a  Code  Gb  MB_OS.o [1]
MB_RTU_Freq             0x2000024a     0x2  Data  Gb  MB.o [1]
MB_RTU_Rx               0x08016b9d    0x58  Code  Gb  MB.o [1]
MB_RTU_RxByte           0x08016b61    0x3c  Code  Gb  MB.o [1]
MB_RTU_RxCalcCRC        0x08017081    0x46  Code  Gb  MB_UTIL.o [1]
MB_RTU_TmrCtr           0x200064dc     0x4  Data  Gb  MB.o [1]
MB_RTU_TmrISR_Handler   0x08017849    0x2a  Code  Gb  MB_BSP.o [1]
MB_RTU_TmrInit          0x080177cb    0x7c  Code  Gb  MB_BSP.o [1]
MB_RTU_TmrReset         0x08016c3d     0x6  Code  Gb  MB.o [1]
MB_RTU_TmrResetAll      0x08016c43    0x20  Code  Gb  MB.o [1]
MB_RTU_TmrUpdate        0x08016c63    0x46  Code  Gb  MB.o [1]
MB_RTU_Tx               0x08016bf5    0x48  Code  Gb  MB.o [1]
MB_RTU_TxCalcCRC        0x080170c7    0x42  Code  Gb  MB_UTIL.o [1]
MB_RxByte               0x08016ad5     0xa  Code  Gb  MB.o [1]
MB_RxTask               0x08016adf    0x10  Code  Gb  MB.o [1]
MB_Tmr_ReloadCnts       0x200064e0     0x4  Data  Lc  MB_BSP.o [1]
MB_Tx                   0x08016aef    0x22  Code  Gb  MB.o [1]
MB_TxByte               0x08016b11    0x50  Code  Gb  MB.o [1]
MB_WrEnSet              0x08016ac5     0x8  Code  Gb  MB.o [1]
MTR_RxQ                 0x200063e0    0x24  Data  Gb  app_task_comm.o [1]
MX25L1602_Erase         0x080195c5   0x1c4  Code  Gb  MX25L1602Drv.o [1]
MX25L1602_RD            0x08019405    0x58  Code  Gb  MX25L1602Drv.o [1]
MX25L1602_RdID          0x0801945d    0x6a  Code  Gb  MX25L1602Drv.o [1]
MX25L1602_WR            0x080194c7    0xfe  Code  Gb  MX25L1602Drv.o [1]
MasterAckI2C            0x0801917d    0x22  Code  Gb  bsp_IIC.o [1]
MasterNoAckI2C          0x0801919f    0x22  Code  Gb  bsp_IIC.o [1]
Measure_GPIO_Init       0x08019bbb    0x3e  Code  Gb  app_task_measure.o [1]
NMBS_FCxx_Handler       0x08016f7b    0xc6  Code  Gb  app_task_comm.o [1]
NMB_Tx                  0x08016cb5    0x42  Code  Gb  MB.o [1]
NVIC_SetVectorTable     0x0801a405     0xc  Code  Gb  misc.o [1]
NVIC_SystemReset        0x0801a481    0x1a  Code  Lc  bsp_rst.o [1]
OSAL_TaskCreateHook     0x0801a0a5    0x42  Code  Gb  main.o [1]
OSCfg_ISRStk            0x20004f30   0x200  Data  Gb  os_cfg_app.o [1]
OSCfg_ISRStkBasePtr     0x0801a4d8     0x4  Data  Gb  os_cfg_app.o [1]
OSCfg_ISRStkSize        0x0801a4dc     0x4  Data  Gb  os_cfg_app.o [1]
OSCfg_IdleTaskStk       0x20005e00   0x100  Data  Gb  os_cfg_app.o [1]
OSCfg_IdleTaskStkBasePtr
                        0x0801a4b8     0x4  Data  Gb  os_cfg_app.o [1]
OSCfg_IdleTaskStkLimit  0x0801a4bc     0x4  Data  Gb  os_cfg_app.o [1]
OSCfg_IdleTaskStkSize   0x0801a4c0     0x4  Data  Gb  os_cfg_app.o [1]
OSCfg_Init              0x08015d19     0x2  Code  Gb  os_cfg_app.o [1]
OSCfg_IntQ              0x200014cc   0xc80  Data  Gb  os_cfg_app.o [1]
OSCfg_IntQBasePtr       0x0801a4c4     0x4  Data  Gb  os_cfg_app.o [1]
OSCfg_IntQSize          0x0801a4c8     0x2  Data  Gb  os_cfg_app.o [1]
OSCfg_IntQTaskStk       0x20004d30   0x200  Data  Gb  os_cfg_app.o [1]
OSCfg_IntQTaskStkBasePtr
                        0x0801a4cc     0x4  Data  Gb  os_cfg_app.o [1]
OSCfg_IntQTaskStkLimit  0x0801a4d0     0x4  Data  Gb  os_cfg_app.o [1]
OSCfg_IntQTaskStkSize   0x0801a4d4     0x4  Data  Gb  os_cfg_app.o [1]
OSCfg_MsgPool           0x20003228   0x800  Data  Gb  os_cfg_app.o [1]
OSCfg_MsgPoolBasePtr    0x0801a4e4     0x4  Data  Gb  os_cfg_app.o [1]
OSCfg_MsgPoolSize       0x0801a4e0     0x2  Data  Gb  os_cfg_app.o [1]
OSCfg_StkSizeMin        0x0801a4e8     0x4  Data  Gb  os_cfg_app.o [1]
OSCfg_TickRate_Hz       0x0801a4ec     0x4  Data  Gb  os_cfg_app.o [1]
OSCfg_TickTaskPrio      0x0801a4f0     0x1  Data  Gb  os_cfg_app.o [1]
OSCfg_TickTaskStk       0x20005130   0x200  Data  Gb  os_cfg_app.o [1]
OSCfg_TickTaskStkBasePtr
                        0x0801a4f4     0x4  Data  Gb  os_cfg_app.o [1]
OSCfg_TickTaskStkLimit  0x0801a4f8     0x4  Data  Gb  os_cfg_app.o [1]
OSCfg_TickTaskStkSize   0x0801a4fc     0x4  Data  Gb  os_cfg_app.o [1]
OSCfg_TickWheel         0x200062d0    0x88  Data  Gb  os_cfg_app.o [1]
OSCfg_TickWheelSize     0x0801a500     0x2  Data  Gb  os_cfg_app.o [1]
OSCfg_TmrTaskPrio       0x0801a504     0x1  Data  Gb  os_cfg_app.o [1]
OSCfg_TmrTaskRate_Hz    0x0801a508     0x4  Data  Gb  os_cfg_app.o [1]
OSCfg_TmrTaskStk        0x20005330   0x200  Data  Gb  os_cfg_app.o [1]
OSCfg_TmrTaskStkBasePtr
                        0x0801a50c     0x4  Data  Gb  os_cfg_app.o [1]
OSCfg_TmrTaskStkLimit   0x0801a510     0x4  Data  Gb  os_cfg_app.o [1]
OSCfg_TmrTaskStkSize    0x0801a514     0x4  Data  Gb  os_cfg_app.o [1]
OSCfg_TmrWheel          0x20006358    0x88  Data  Gb  os_cfg_app.o [1]
OSCfg_TmrWheelSize      0x0801a518     0x2  Data  Gb  os_cfg_app.o [1]
OSFlagCreate            0x08013dc1    0x92  Code  Gb  os_flag.o [1]
OSFlagPend              0x08013e55   0x2f8  Code  Gb  os_flag.o [1]
OSFlagPost              0x0801414d    0x6a  Code  Gb  os_flag.o [1]
OSFlagQty               0x20006548     0x2  Data  Gb  os_var.o [1]
OSIdleTaskCtr           0x2000650c     0x4  Data  Gb  os_var.o [1]
OSIdleTaskHook          0x08013b99     0xc  Code  Gb  os_cpu_c.o [1]
OSIdleTaskTCB           0x20005ff0    0xb8  Data  Gb  os_var.o [1]
OSInit                  0x08012c85   0x124  Code  Gb  os_core.o [1]
OSInitHook              0x08013ba5    0x14  Code  Gb  os_cpu_c.o [1]
OSIntEnter              0x08012da9    0x1a  Code  Gb  os_core.o [1]
OSIntExit               0x08012dc3    0xa8  Code  Gb  os_core.o [1]
OSIntNestingCtr         0x20006554     0x1  Data  Gb  os_var.o [1]
OSIntQInPtr             0x20006510     0x4  Data  Gb  os_var.o [1]
OSIntQNbrEntries        0x20006442     0x2  Data  Gb  os_var.o [1]
OSIntQNbrEntriesMax     0x20006544     0x2  Data  Gb  os_var.o [1]
OSIntQOutPtr            0x20006514     0x4  Data  Gb  os_var.o [1]
OSIntQOvfCtr            0x20006546     0x2  Data  Gb  os_var.o [1]
OSIntQTaskTCB           0x200060a8    0xb8  Data  Gb  os_var.o [1]
OSIntQTaskTimeMax       0x20006518     0x4  Data  Gb  os_var.o [1]
OSMsgPool               0x200064a8     0xc  Data  Gb  os_var.o [1]
OSPrioCur               0x20006556     0x1  Data  Gb  os_var.o [1]
OSPrioHighRdy           0x20006557     0x1  Data  Gb  os_var.o [1]
OSPrioSaved             0x20006558     0x1  Data  Gb  os_var.o [1]
OSPrioTbl               0x200064ec     0x4  Data  Gb  os_prio.o [1]
OSQCreate               0x0801456d    0xa2  Code  Gb  os_q.o [1]
OSQPend                 0x08014611   0x1b4  Code  Gb  os_q.o [1]
OSQPost                 0x080147c5    0x86  Code  Gb  os_q.o [1]
OSQQty                  0x2000654a     0x2  Data  Gb  os_var.o [1]
OSRdyList               0x20005a70   0x180  Data  Gb  os_var.o [1]
OSRunning               0x20006555     0x1  Data  Gb  os_var.o [1]
OSSched                 0x08012e6b    0x78  Code  Gb  os_core.o [1]
OSSchedLock             0x08012ee3    0x5a  Code  Gb  os_core.o [1]
OSSchedLockNestingCtr   0x20006559     0x1  Data  Gb  os_var.o [1]
OSSchedRoundRobinDfltTimeQuanta
                        0x2000651c     0x4  Data  Gb  os_var.o [1]
OSSchedRoundRobinEn     0x2000655a     0x1  Data  Gb  os_var.o [1]
OSSchedUnlock           0x08012f3d    0x76  Code  Gb  os_core.o [1]
OSSemCreate             0x08013529    0x92  Code  Gb  os_sem.o [1]
OSSemPend               0x080135bd   0x198  Code  Gb  os_sem.o [1]
OSSemPost               0x08013755    0x74  Code  Gb  os_sem.o [1]
OSSemQty                0x2000654c     0x2  Data  Gb  os_var.o [1]
OSStart                 0x08012fb3    0x4e  Code  Gb  os_core.o [1]
OSStartHighRdy          0x08015d1d          Code  Gb  os_cpu_a.o [1]
OSTCBCurPtr             0x2000653c     0x4  Data  Gb  os_var.o [1]
OSTCBHighRdyPtr         0x20006540     0x4  Data  Gb  os_var.o [1]
OSTaskCreate            0x08014975   0x1d4  Code  Gb  os_task.o [1]
OSTaskCreateHook        0x08013bb9     0xc  Code  Gb  os_cpu_c.o [1]
OSTaskCtxSwCtr          0x20006520     0x4  Data  Gb  os_var.o [1]
OSTaskDel               0x08014b49   0x13c  Code  Gb  os_task.o [1]
OSTaskDelHook           0x08013bc5     0xc  Code  Gb  os_cpu_c.o [1]
OSTaskQty               0x2000654e     0x2  Data  Gb  os_var.o [1]
OSTaskRegNextAvailID    0x2000655b     0x1  Data  Gb  os_var.o [1]
OSTaskReturnHook        0x08013bd1     0xc  Code  Gb  os_cpu_c.o [1]
OSTaskSemPend           0x08014c85   0x188  Code  Gb  os_task.o [1]
OSTaskStkInit           0x08013bdd    0x80  Code  Gb  os_cpu_c.o [1]
OSTaskSwHook            0x08013c5d    0x4a  Code  Gb  os_cpu_c.o [1]
OSTickCtr               0x20006524     0x4  Data  Gb  os_var.o [1]
OSTickTaskTCB           0x20006160    0xb8  Data  Gb  os_var.o [1]
OSTickTaskTimeMax       0x20006528     0x4  Data  Gb  os_var.o [1]
OSTimeDly               0x080138c1    0xda  Code  Gb  os_time.o [1]
OSTimeDlyHMSM           0x0801399b   0x184  Code  Gb  os_time.o [1]
OSTimeGet               0x08013b21    0x24  Code  Gb  os_time.o [1]
OSTimeTick              0x08013b45    0x30  Code  Gb  os_time.o [1]
OSTimeTickHook          0x08013ca7     0xc  Code  Gb  os_cpu_c.o [1]
OSTmrTaskTCB            0x20006218    0xb8  Data  Gb  os_var.o [1]
OSTmrTaskTimeMax        0x2000652c     0x4  Data  Gb  os_var.o [1]
OSTmrTickCtr            0x20006530     0x4  Data  Gb  os_var.o [1]
OSTmrUpdateCnt          0x20006534     0x4  Data  Gb  os_var.o [1]
OSTmrUpdateCtr          0x20006538     0x4  Data  Gb  os_var.o [1]
OS_AppIdleTaskHookPtr   0x200064fc     0x4  Data  Gb  os_var.o [1]
OS_AppStatTaskHookPtr   0x20006500     0x4  Data  Gb  os_var.o [1]
OS_AppTaskCreateHookPtr
                        0x200064f0     0x4  Data  Gb  os_var.o [1]
OS_AppTaskDelHookPtr    0x200064f4     0x4  Data  Gb  os_var.o [1]
OS_AppTaskReturnHookPtr
                        0x200064f8     0x4  Data  Gb  os_var.o [1]
OS_AppTaskSwHookPtr     0x20006504     0x4  Data  Gb  os_var.o [1]
OS_AppTimeTickHookPtr   0x20006508     0x4  Data  Gb  os_var.o [1]
OS_CPU_ExceptStkBase    0x200064e4     0x4  Data  Gb  os_cpu_c.o [1]
OS_CPU_PendSVHandler    0x08015d3b          Code  Gb  os_cpu_a.o [1]
OS_CPU_SysTickHandler   0x08013cb3    0x32  Code  Gb  os_cpu_c.o [1]
OS_CPU_SysTickInit      0x08013ce5    0x22  Code  Gb  os_cpu_c.o [1]
OS_FlagBlock            0x080141b7    0x24  Code  Gb  os_flag.o [1]
OS_FlagInit             0x080141db     0xa  Code  Gb  os_flag.o [1]
OS_FlagPost             0x080141e5   0x188  Code  Gb  os_flag.o [1]
OS_FlagTaskRdy          0x08014389    0x3c  Code  Gb  os_flag.o [1]
OS_IdleTask             0x08013001    0x26  Code  Gb  os_core.o [1]
OS_IdleTaskInit         0x08013027    0x4c  Code  Gb  os_core.o [1]
OS_IntQPost             0x0801537d    0xa2  Code  Gb  os_int.o [1]
OS_IntQRePost           0x0801541f    0xe8  Code  Gb  os_int.o [1]
OS_IntQTask             0x08015507    0x6e  Code  Gb  os_int.o [1]
OS_IntQTaskInit         0x08015575    0xc0  Code  Gb  os_int.o [1]
OS_MsgPoolInit          0x080143c5    0x68  Code  Gb  os_msg.o [1]
OS_MsgQFreeAll          0x0801442d    0x34  Code  Gb  os_msg.o [1]
OS_MsgQGet              0x0801446f    0x60  Code  Gb  os_msg.o [1]
OS_MsgQInit             0x08014461     0xe  Code  Gb  os_msg.o [1]
OS_MsgQPut              0x080144cf    0x90  Code  Gb  os_msg.o [1]
OS_Pend                 0x08013073    0x48  Code  Gb  os_core.o [1]
OS_PendDataInit         0x080130bb    0x28  Code  Gb  os_core.o [1]
OS_PendListInit         0x080130e3     0xa  Code  Gb  os_core.o [1]
OS_PendListInsertPrio   0x080130ed    0x66  Code  Gb  os_core.o [1]
OS_PendListRemove       0x08013153    0x26  Code  Gb  os_core.o [1]
OS_PendListRemove1      0x08013179    0x3c  Code  Gb  os_core.o [1]
OS_Post                 0x080131b5    0x84  Code  Gb  os_core.o [1]
OS_Post1                0x08013239    0x26  Code  Gb  os_core.o [1]
OS_PrioGetHighest       0x08013d5b    0x1c  Code  Gb  os_prio.o [1]
OS_PrioInit             0x08013d49    0x12  Code  Gb  os_prio.o [1]
OS_PrioInsert           0x08013d77    0x22  Code  Gb  os_prio.o [1]
OS_PrioRemove           0x08013d99    0x24  Code  Gb  os_prio.o [1]
OS_QInit                0x0801484b     0xa  Code  Gb  os_q.o [1]
OS_QPost                0x08014855   0x106  Code  Gb  os_q.o [1]
OS_RdyListInit          0x0801325f    0x1e  Code  Gb  os_core.o [1]
OS_RdyListInsert        0x0801327d    0x24  Code  Gb  os_core.o [1]
OS_RdyListInsertHead    0x080132a1    0x38  Code  Gb  os_core.o [1]
OS_RdyListInsertTail    0x080132d9    0x36  Code  Gb  os_core.o [1]
OS_RdyListMoveHeadToTail
                        0x0801330f    0x3e  Code  Gb  os_core.o [1]
OS_RdyListRemove        0x0801334d    0x5a  Code  Gb  os_core.o [1]
OS_Sched0               0x080133a7    0x34  Code  Gb  os_core.o [1]
OS_SchedRoundRobin      0x080133db    0x68  Code  Gb  os_core.o [1]
OS_SemInit              0x080137c9     0xa  Code  Gb  os_sem.o [1]
OS_SemPost              0x080137d3    0xd8  Code  Gb  os_sem.o [1]
OS_TaskBlock            0x080134c1    0x38  Code  Gb  os_core.o [1]
OS_TaskInit             0x08014e0d    0x10  Code  Gb  os_task.o [1]
OS_TaskInitTCB          0x08014e31    0x98  Code  Gb  os_task.o [1]
OS_TaskQPost            0x08014ec9   0x11c  Code  Gb  os_task.o [1]
OS_TaskRdy              0x080134f9    0x1a  Code  Gb  os_core.o [1]
OS_TaskResume           0x08014ff5    0xee  Code  Gb  os_task.o [1]
OS_TaskReturn           0x080150e3    0x14  Code  Gb  os_task.o [1]
OS_TaskSemPost          0x08015101   0x15c  Code  Gb  os_task.o [1]
OS_TaskSuspend          0x0801525d   0x106  Code  Gb  os_task.o [1]
OS_TickListInit         0x08015769    0x20  Code  Gb  os_tick.o [1]
OS_TickListInsert       0x08015789    0xf0  Code  Gb  os_tick.o [1]
OS_TickListRemove       0x08015879    0x3a  Code  Gb  os_tick.o [1]
OS_TickListUpdate       0x080158b3   0x18a  Code  Gb  os_tick.o [1]
OS_TickTask             0x080156c9    0x28  Code  Gb  os_tick.o [1]
OS_TickTaskInit         0x080156f1    0x78  Code  Gb  os_tick.o [1]
OS_TmrInit              0x08015a8d    0xb0  Code  Gb  os_tmr.o [1]
OS_TmrLink              0x08015b3d    0xb6  Code  Gb  os_tmr.o [1]
OS_TmrTask              0x08015c45    0x84  Code  Gb  os_tmr.o [1]
OS_TmrUnlink            0x08015bf3    0x4e  Code  Gb  os_tmr.o [1]
Osal_EvtSem             0x20006460    0x1c  Data  Gb  osal_event.o [1]
RCC_APB1PeriphClockCmd  0x08011ea9    0x16  Code  Gb  stm32f10x_rcc.o [1]
RCC_APB1PeriphResetCmd  0x08011ed5    0x16  Code  Gb  stm32f10x_rcc.o [1]
RCC_APB2PeriphClockCmd  0x08011e93    0x16  Code  Gb  stm32f10x_rcc.o [1]
RCC_APB2PeriphResetCmd  0x08011ebf    0x16  Code  Gb  stm32f10x_rcc.o [1]
RCC_ClearFlag           0x08011f0f     0xc  Code  Gb  stm32f10x_rcc.o [1]
RCC_GetClocksFreq       0x08011dcb    0xc8  Code  Gb  stm32f10x_rcc.o [1]
RCC_GetFlagStatus       0x08011eeb    0x24  Code  Gb  stm32f10x_rcc.o [1]
RCC_LSICmd              0x08011dc5     0x6  Code  Gb  stm32f10x_rcc.o [1]
ReadByteWithI2C         0x08019215    0x2e  Code  Gb  bsp_IIC.o [1]
ReadDS3231Byte          0x08018565    0x3c  Code  Gb  bsp_ds3231.o [1]
ReadFM24CL64            0x08018727    0x70  Code  Gb  bsp_FRAM.o [1]
ReadFlsh                0x080197bd     0x8  Code  Gb  MX25L1602Drv.o [1]
ReadFlshRec             0x08018f23    0x1c  Code  Gb  APP_task_osal_store.o [1]
ReadMISOF               0x08019385    0x12  Code  Gb  MX25L1602Drv.o [1]
ReadSDA                 0x08019125    0x14  Code  Gb  bsp_IIC.o [1]
ReadTime                0x080185d1    0x6c  Code  Gb  bsp_ds3231.o [1]
RecByte_SPIF            0x080193fd     0x4  Code  Gb  MX25L1602Drv.o [1]
Region$$Table$$Base     0x0801a720           --   Gb  - Linker created -
Region$$Table$$Limit    0x0801a744           --   Gb  - Linker created -
SPI_GpioInit            0x08011735    0x26  Code  Lc  bsp_max7219.o [1]
SPI_SendByte            0x0801175b    0x4a  Code  Lc  bsp_max7219.o [1]
STMFLASH_ReadWord       0x08018fbd     0x4  Code  Gb  iap_flash.o [1]
STMFLASH_Write          0x08018fc1    0x70  Code  Gb  iap_flash.o [1]
SendByte_SPIF           0x080193fb     0x2  Code  Gb  MX25L1602Drv.o [1]
SendOrRecByte_SPIF      0x080193b5    0x46  Code  Gb  MX25L1602Drv.o [1]
Send_Byte               0x08019401     0x2  Code  Gb  MX25L1602Drv.o [1]
SentLantch_LED          0x080199ed    0x82  Code  Gb  bsp_DM412.o [1]
SentTwoByte_LED         0x08019a6f    0x92  Code  Gb  bsp_DM412.o [1]
SetDispNow              0x08018959     0xe  Code  Gb  app_task_osal_disp.o [1]
SetLedColor             0x08019b01    0x3c  Code  Gb  bsp_DM412.o [1]
SetSysClock             0x080121ff     0x2  Code  Lc  system_stm32f10x.o [1]
SetSysClockTo72         0x08012201    0xc6  Code  Lc  system_stm32f10x.o [1]
SndBuf                  0x2000562c    0xfc  Data  Lc  app_comm_protocol.o [1]
SndBufTmp               0x20005530    0xfc  Data  Lc  app_comm_protocol.o [1]
StartAirMeasure         0x08019c23    0x88  Code  Gb  app_task_measure.o [1]
StartI2C                0x08019139    0x22  Code  Gb  bsp_IIC.o [1]
StopI2C                 0x0801915b    0x22  Code  Gb  bsp_IIC.o [1]
StoreData               0x08018dc1   0x162  Code  Gb  APP_task_osal_store.o [1]
SystemInit              0x080121c1    0x3e  Code  Gb  system_stm32f10x.o [1]
TIM_ClearFlag           0x08012767     0x6  Code  Gb  stm32f10x_tim.o [1]
TIM_ClearITPendingBit   0x08012785     0x6  Code  Gb  stm32f10x_tim.o [1]
TIM_Cmd                 0x0801273b    0x18  Code  Gb  stm32f10x_tim.o [1]
TIM_DeInit              0x080124a9   0x202  Code  Gb  stm32f10x_tim.o [1]
TIM_GetITStatus         0x0801276d    0x18  Code  Gb  stm32f10x_tim.o [1]
TIM_ITConfig            0x08012753    0x14  Code  Gb  stm32f10x_tim.o [1]
TIM_TimeBaseInit        0x080126ab    0x90  Code  Gb  stm32f10x_tim.o [1]
Task                    0x20005f00    0xf0  Data  Gb  osal_event.o [1]
TaskActive              0x200064b8     0x4  Data  Gb  osal_event.o [1]
TaskDispEvtProcess      0x08018969   0x164  Code  Gb  app_task_osal_disp.o [1]
TaskHead                0x200064b4     0x4  Data  Gb  osal_event.o [1]
TaskInitDisp            0x08018acd    0x38  Code  Gb  app_task_osal_disp.o [1]
TaskInitLed             0x08019e3d    0x16  Code  Gb  app_task_osal_led.o [1]
TaskInitMtrSend         0x0801a615     0xc  Code  Gb  APP_task_osal_mtrsend.o [1]
TaskInitStore           0x08018f7d    0x16  Code  Gb  APP_task_osal_store.o [1]
TaskInitTmr             0x0801a55b    0x16  Code  Gb  app_task_osal_tmr.o [1]
TaskLedEvtProcess       0x08019ce5   0x150  Code  Gb  app_task_osal_led.o [1]
TaskMtrSendEvtProcess   0x0801a621    0x2e  Code  Gb  APP_task_osal_mtrsend.o [1]
TaskStoreEvtProcess     0x08018f93    0x20  Code  Gb  APP_task_osal_store.o [1]
TaskTmrEvtProcess       0x0801a51d    0x3e  Code  Gb  app_task_osal_tmr.o [1]
Task_id                 0x200064bc     0x4  Data  Gb  osal_event.o [1]
USART1_RxTxISRHandler   0x08017735     0x6  Code  Gb  MB_BSP.o [1]
USART2_RxTxISRHandler   0x0801773d     0x6  Code  Gb  MB_BSP.o [1]
USART3_RxTxISRHandler   0x08017745     0x6  Code  Gb  MB_BSP.o [1]
USART4_RxTxISRHandler   0x0801774d     0x6  Code  Gb  MB_BSP.o [1]
USART_ClearFlag         0x08012491     0x6  Code  Gb  stm32f10x_usart.o [1]
USART_ClearITPendingBit
                        0x08012497    0x10  Code  Gb  stm32f10x_usart.o [1]
USART_Cmd               0x08012431    0x18  Code  Gb  stm32f10x_usart.o [1]
USART_DeInit            0x080122dd    0x9a  Code  Gb  stm32f10x_usart.o [1]
USART_GetFlagStatus     0x08012483     0xe  Code  Gb  stm32f10x_usart.o [1]
USART_ITConfig          0x08012449    0x3a  Code  Gb  stm32f10x_usart.o [1]
USART_Init              0x08012377    0xa4  Code  Gb  stm32f10x_usart.o [1]
USARTx_RxTxISRHandler   0x080176c9    0x6a  Code  Gb  MB_BSP.o [1]
WIN_DispMsg             0x080117ed    0xb2  Code  Gb  bsp_max7219.o [1]
WdtFlagGRP              0x20006408    0x1c  Data  Gb  app.o [1]
WdtFlags                0x20006404     0x4  Data  Gb  app.o [1]
WriteByteWithI2C        0x080191d9    0x3c  Code  Gb  bsp_IIC.o [1]
WriteDS3231Byte         0x080185a1    0x30  Code  Gb  bsp_ds3231.o [1]
WriteFM24CL64           0x080186d1    0x56  Code  Gb  bsp_FRAM.o [1]
WriteFlsh               0x080197c5     0x2  Code  Gb  MX25L1602Drv.o [1]
WriteMOSIF              0x08019367    0x1e  Code  Gb  MX25L1602Drv.o [1]
WriteSCKF               0x08019349    0x1e  Code  Gb  MX25L1602Drv.o [1]
WriteSCL                0x080190e1    0x22  Code  Gb  bsp_IIC.o [1]
WriteSDA                0x08019103    0x22  Code  Gb  bsp_IIC.o [1]
WriteSoftSpiCSF         0x08019397    0x1e  Code  Gb  MX25L1602Drv.o [1]
WriteTime               0x0801863d    0x76  Code  Gb  bsp_ds3231.o [1]
__aeabi_cdcmple         0x080110e1          Code  Gb  DblCmpLe.o [4]
__aeabi_cdrcmple        0x08011111          Code  Gb  DblCmpGe.o [4]
__aeabi_d2iz            0x080113cd          Code  Gb  DblToI32.o [4]
__aeabi_dadd            0x080112e5          Code  Gb  DblAdd.o [4]
__aeabi_dmul            0x08011141          Code  Gb  DblMul.o [4]
__aeabi_dsub            0x08011445          Code  Gb  DblSub.o [4]
__aeabi_i2d             0x08011419          Code  Gb  I32ToDbl.o [4]
__aeabi_memset          0x0801928d          Code  Gb  ABImemset.o [5]
__aeabi_memset4         0x080115fd          Code  Gb  ABImemset48.o [5]
__aeabi_memset8         0x080115fd          Code  Gb  ABImemset48.o [5]
__cmain                 0x0801a745          Code  Gb  cmain.o [5]
__ecvround              0x08010781    0x44  Code  Lc  sprintf.o [1]
__exit                  0x0801a775    0x14  Code  Gb  exit.o [6]
__iar_Memset            0x0801928d          Code  Gb  ABImemset.o [5]
__iar_Memset4_word      0x08011605          Code  Gb  ABImemset48.o [5]
__iar_Memset8_word      0x08011605          Code  Gb  ABImemset48.o [5]
__iar_Memset_word       0x08019295          Code  Gb  ABImemset.o [5]
__iar_Strchr            0x0801171d          Code  Gb  strchr.o [5]
__iar_close_ttio        0x0801a695    0x2e  Code  Gb  iarttio.o [6]
__iar_copy_init3        0x0801a6cd    0x2c  Code  Gb  copy_init3.o [5]
__iar_d2uiz             0x080113f9          Code  Gb  DblToI32.o [4]
__iar_dadd              0x080112f9          Code  Gb  DblAdd.o [4]
__iar_data_init3        0x0801a6f9    0x28  Code  Gb  data_init.o [5]
__iar_dsub              0x08011459          Code  Gb  DblSub.o [4]
__iar_dsubStart         0x0801146b          Code  Gb  DblSub.o [4]
__iar_lookup_ttioh      0x0801a6c5     0x8  Code  Gb  XShttio.o [3]
__iar_program_start     0x0801a789          Code  Gb  cstartup_M.o [5]
__iar_ttio_handles      0x2000003c     0x8  Data  Lc  XShttio.o [3]
__iar_ui2d              0x0801142d          Code  Gb  I32ToDbl.o [4]
__iar_unaligned___aeabi_memcpy
                        0x08011661          Code  Gb  ABImemcpy_unaligned.o [5]
__iar_unaligned___aeabi_memcpy4
                        0x08011681          Code  Gb  ABImemcpy_unaligned.o [5]
__iar_unaligned___aeabi_memcpy8
                        0x08011681          Code  Gb  ABImemcpy_unaligned.o [5]
__iar_unaligned_strcmp  0x080116d9          Code  Gb  strcmp_unaligned.o [5]
__iar_zero_init3        0x0801a655    0x40  Code  Gb  zero_init3.o [5]
__low_level_init        0x0801a75f     0x4  Code  Gb  low_level_init.o [3]
__vector_table          0x08010000   0x150  Data  Gb  cstartup.o [1]
_call_main              0x0801a751          Code  Gb  cmain.o [5]
_exit                   0x0801a769          Code  Gb  cexit.o [5]
_main                   0x0801a75b          Code  Gb  cmain.o [5]
app_comm_dtu            0x08017991   0x130  Code  Gb  app_comm_dtu.o [1]
app_comm_mtr            0x080178b1    0xe0  Code  Gb  app_comm_mtr.o [1]
app_init_sctrl          0x08019fbd    0xd0  Code  Gb  main.o [1]
bsp_DM412Init           0x080199ad    0x40  Code  Gb  bsp_DM412.o [1]
cfltcvt                 0x08010a09   0x1ca  Code  Lc  sprintf.o [1]
comm_para_flow          0x08017cb9   0x212  Code  Gb  app_comm_dtu_otr_deal.o [1]
comm_record_send        0x08017f3b    0x60  Code  Gb  app_comm_dtu_otr_deal.o [1]
comm_record_send_one    0x08017ecb    0x70  Code  Gb  app_comm_dtu_otr_deal.o [1]
cropzeros               0x08010c4d    0x4a  Code  Lc  sprintf.o [1]
digits                  0x20000008     0x4  Data  Lc  sprintf.o [1]
dis_mode                0x200064cc     0x1  Data  Lc  app_task_osal_disp.o [1]
dis_num_pos             0x20006440     0x1  Data  Gb  bsp_max7219.o [1]
eaddr                   0x08010371    0x88  Code  Lc  sprintf.o [1]
ecvtbuf                 0x080107c5   0x12e  Code  Lc  sprintf.o [1]
exit                    0x0801a763     0x4  Code  Gb  exit.o [3]
fcvtbuf                 0x080108f3   0x10c  Code  Lc  sprintf.o [1]
flsherrflg              0x20000045     0x1  Data  Gb  MX25L1602Drv.o [1]
flt                     0x08010c97   0x100  Code  Lc  sprintf.o [1]
forcdecpt               0x08010c09    0x44  Code  Lc  sprintf.o [1]
ftoaE                   0x080104d5   0x188  Code  Lc  sprintf.o [1]
g_recbuf                0x20005d00   0x100  Data  Gb  app_task_comm.o [1]
g_systimes              0x200064e8     0x4  Data  Gb  os_cpu_c.o [1]
gsIAPCtrl               0x200043a4   0x404  Data  Gb  IAP_program_mcu.o [1]
gsIAPPara               0x200047a8    0x14  Data  Gb  IAP_program_mcu.o [1]
iaddr                   0x080103f9    0xdc  Code  Lc  sprintf.o [1]
iap_write_appbin        0x08019031    0x6a  Code  Gb  iap_flash.o [1]
iapbuf                  0x20002a28   0x800  Data  Gb  iap_flash.o [1]
is_space                0x08010151    0x14  Code  Lc  sprintf.o [1]
itoa                    0x080101c5    0x52  Code  Lc  sprintf.o [1]
main                    0x08019e55    0x62  Code  Gb  app.o [1]
my_atoi                 0x08010165    0x48  Code  Lc  sprintf.o [1]
my_ftoa                 0x0801065d   0x124  Code  Lc  sprintf.o [1]
my_strnlen              0x080101ad    0x18  Code  Lc  sprintf.o [1]
my_vsprintf             0x08010d97   0x31e  Code  Lc  sprintf.o [1]
nop                     0x080192f5     0xe  Code  Gb  MX25L1602Drv.o [1]
number                  0x08010239   0x138  Code  Lc  sprintf.o [1]
osalAddTimer            0x08018b95    0x5e  Code  Gb  osal_timer.o [1]
osalFindTask            0x08019989    0x1a  Code  Gb  osal_event.o [1]
osalFindTimer           0x08018bf3    0x1c  Code  Gb  osal_timer.o [1]
osalNextActiveTask      0x08019971    0x18  Code  Gb  osal_event.o [1]
osalTimer               0x200058e0   0x190  Data  Gb  osal_timer.o [1]
osalTimerInit           0x08018b61    0x34  Code  Gb  osal_timer.o [1]
osalTimerUpdate         0x08018d3f    0x66  Code  Gb  osal_timer.o [1]
osal_Task_init          0x080198fb    0x20  Code  Gb  osal_event.o [1]
osal_add_Task           0x0801991b    0x56  Code  Gb  osal_event.o [1]
osal_init_TaskHead      0x080198cd    0x2e  Code  Gb  osal_event.o [1]
osal_init_system        0x0801927b     0xe  Code  Gb  osal.o [1]
osal_set_event          0x08019245    0x36  Code  Gb  osal.o [1]
osal_start_timerEx      0x08018c1f    0x8e  Code  Gb  osal_timer.o [1]
osal_start_timerRl      0x08018cad    0x92  Code  Gb  osal_timer.o [1]
osal_system_clock       0x200064c8     0x4  Data  Gb  osal_timer.o [1]
osal_timer_activate     0x08018c0f     0xe  Code  Gb  osal_timer.o [1]
osal_timer_hw_setup     0x08018c1d     0x2  Code  Gb  osal_timer.o [1]
pApp                    0x200064d4     0x4  Data  Gb  boot.o [1]
sd_crc16_table          0x08018334   0x200  Data  Gb  app_chk.o [1]
skip_atoi               0x08010217    0x22  Code  Lc  sprintf.o [1]
strchr                  0x0801171d          Code  Gb  strchr.o [5]
strlen                  0x080115c5          Code  Gb  strlen.o [5]
strncmp                 0x08011637    0x28  Code  Gb  strncmp.o [3]
timerActive             0x200064c0     0x1  Data  Gb  osal_timer.o [1]
timerHead               0x200064c4     0x4  Data  Gb  osal_timer.o [1]
upper_digits            0x2000000c     0x4  Data  Lc  sprintf.o [1]
uprintf                 0x080110b5    0x22  Code  Gb  sprintf.o [1]


[1] = F:\iar\NC199B-100\Output\Lib\Debug-RC\Obj
[2] = command line
[3] = dl7M_tlf.a
[4] = m7M_tl.a
[5] = rt7M_tl.a
[6] = shb_l.a

  42 276 bytes of readonly  code memory
     624 bytes of readonly  data memory
  25 946 bytes of readwrite data memory

Errors: none
Warnings: none
