###############################################################################
#
# IAR ANSI C/C++ Compiler V7.50.1.10123/W32 for ARM       26/Dec/2017  15:40:25
# Copyright 1999-2015 IAR Systems AB.
#
#    Cpu mode     =  thumb
#    Endian       =  little
#    Source file  =  
#        F:\iar\NC199B-100\Library\Source\Micrium\uC-OS-III\Source\os_var.c
#    Command line =  
#        F:\iar\NC199B-100\Library\Source\Micrium\uC-OS-III\Source\os_var.c -D
#        USE_STDPERIPH_DRIVER -D _STM32F10X_HD -D STM32F10X_CL -D DEBUG -D
#        STM32F103RC -D STM32_FLASH_SIZE=256 -D HSE_VALUE=25000000 -lCN
#        F:\iar\NC199B-100\Library\Project\IAR\..\..\..\Output\Lib\Debug-RC\List\
#        -o
#        F:\iar\NC199B-100\Library\Project\IAR\..\..\..\Output\Lib\Debug-RC\Obj\
#        --no_unroll --no_inline --no_tbaa --no_scheduling --debug
#        --endian=little --cpu=Cortex-M3 -e --fpu=None --dlib_config
#        "C:\Program Files (x86)\IAR Systems\Embedded Workbench
#        7.3\arm\INC\c\DLib_Config_Full.h" -I
#        F:\iar\NC199B-100\Library\Project\IAR\ -I
#        F:\iar\NC199B-100\Library\Project\IAR\..\..\Source\APP\ -I
#        F:\iar\NC199B-100\Library\Project\IAR\..\..\Source\APP\User\ -I
#        F:\iar\NC199B-100\Library\Project\IAR\..\..\Source\APP\AES\ -I
#        F:\iar\NC199B-100\Library\Project\IAR\..\..\Source\APP\Config\ -I
#        F:\iar\NC199B-100\Library\Project\IAR\..\..\Source\APP\OS\ -I
#        F:\iar\NC199B-100\Library\Project\IAR\..\..\Source\APP\User\ -I
#        F:\iar\NC199B-100\Library\Project\IAR\..\..\Source\APP\SIM900A\Source\
#        -I
#        F:\iar\NC199B-100\Library\Project\IAR\..\..\Source\APP\SIM900A\Port\
#        -I F:\iar\NC199B-100\Library\Project\IAR\..\..\Source\APP\SIM900A\OS\
#        -I
#        F:\iar\NC199B-100\Library\Project\IAR\..\..\Source\APP\SIM900A\Config\
#        -I F:\iar\NC199B-100\Library\Project\IAR\..\..\Source\APP\Protocol\ -I
#        F:\iar\NC199B-100\Library\Project\IAR\..\..\Source\APP\Iap\ -I
#        F:\iar\NC199B-100\Library\Project\IAR\..\..\Source\BSP\ -I
#        F:\iar\NC199B-100\Library\Project\IAR\..\..\Source\BSP\Driver\ -I
#        F:\iar\NC199B-100\Library\Project\IAR\..\..\Source\BSP\IAR\ -I
#        F:\iar\NC199B-100\Library\Project\IAR\..\..\Source\BSP\Os\ -I
#        F:\iar\NC199B-100\Library\Project\IAR\..\..\Source\BSP\Os\uCOS-III\ -I
#        F:\iar\NC199B-100\Library\Project\IAR\..\..\Source\BSP\St\ -I
#        F:\iar\NC199B-100\Library\Project\IAR\..\..\Source\BSP\St\FWLib\CMSIS\CM3\CoreSupport\
#        -I
#        F:\iar\NC199B-100\Library\Project\IAR\..\..\Source\BSP\St\FWLib\CMSIS\CM3\DeviceSupport\ST\STM32F10x\
#        -I
#        F:\iar\NC199B-100\Library\Project\IAR\..\..\Source\BSP\St\FWLib\STM32F10x_StdPeriph_Driver\inc\
#        -I F:\iar\NC199B-100\Library\Project\IAR\..\..\Source\Micrium\uC-CPU\
#        -I
#        F:\iar\NC199B-100\Library\Project\IAR\..\..\Source\Micrium\uC-CPU\ARM-Cortex-M3\IAR\
#        -I F:\iar\NC199B-100\Library\Project\IAR\..\..\Source\Micrium\uC-LIB\
#        -I F:\iar\NC199B-100\Library\Project\IAR\..\..\Source\BSP\Os\OSAL\ -I
#        F:\iar\NC199B-100\Library\Project\IAR\..\..\Source\OSAL\OS\ -I
#        F:\iar\NC199B-100\Library\Project\IAR\..\..\Source\Micrium\uC-MB\ -I
#        F:\iar\NC199B-100\Library\Project\IAR\..\..\Source\Micrium\uC-MB\Cfg\Template\
#        -I
#        F:\iar\NC199B-100\Library\Project\IAR\..\..\Source\Micrium\uC-MB\OS\uCOS-III\
#        -I
#        F:\iar\NC199B-100\Library\Project\IAR\..\..\Source\Micrium\uC-MB\Source\
#        -I
#        F:\iar\NC199B-100\Library\Project\IAR\..\..\Source\Micrium\uC-OS-III\
#        -I
#        F:\iar\NC199B-100\Library\Project\IAR\..\..\Source\Micrium\uC-OS-III\Ports\ARM-Cortex-M3\Generic\IAR\
#        -I
#        F:\iar\NC199B-100\Library\Project\IAR\..\..\Source\Micrium\uC-OS-III\Source\
#        -I F:\iar\NC199B-100\Library\Project\IAR\..\..\Source\FatFs\ -I
#        F:\iar\NC199B-100\Library\Project\IAR\..\..\Source\FatFs\option\ -Om
#        --use_c++_inline -I "C:\Program Files (x86)\IAR Systems\Embedded
#        Workbench 7.3\arm\CMSIS\Include\"
#    List file    =  
#        F:\iar\NC199B-100\Library\Project\IAR\..\..\..\Output\Lib\Debug-RC\List\os_var.lst
#    Object file  =  
#        F:\iar\NC199B-100\Library\Project\IAR\..\..\..\Output\Lib\Debug-RC\Obj\os_var.o
#
###############################################################################

F:\iar\NC199B-100\Library\Source\Micrium\uC-OS-III\Source\os_var.c
      1          /*
      2          ************************************************************************************************************************
      3          *                                                      uC/OS-III
      4          *                                                 The Real-Time Kernel
      5          *
      6          *                                  (c) Copyright 2009-2012; Micrium, Inc.; Weston, FL
      7          *                           All rights reserved.  Protected by international copyright laws.
      8          *
      9          *                                                      VARIABLES
     10          *
     11          * File    : OS_VAR.C
     12          * By      : JJL
     13          * Version : V3.03.01
     14          *
     15          * LICENSING TERMS:
     16          * ---------------
     17          *           uC/OS-III is provided in source form for FREE short-term evaluation, for educational use or 
     18          *           for peaceful research.  If you plan or intend to use uC/OS-III in a commercial application/
     19          *           product then, you need to contact Micrium to properly license uC/OS-III for its use in your 
     20          *           application/product.   We provide ALL the source code for your convenience and to help you 
     21          *           experience uC/OS-III.  The fact that the source is provided does NOT mean that you can use 
     22          *           it commercially without paying a licensing fee.
     23          *
     24          *           Knowledge of the source code may NOT be used to develop a similar product.
     25          *
     26          *           Please help us continue to provide the embedded community with the finest software available.
     27          *           Your honesty is greatly appreciated.
     28          *
     29          *           You can contact us at www.micrium.com, or by phone at +1 (954) 217-2036.
     30          ************************************************************************************************************************
     31          */
     32          
     33          #define   OS_GLOBALS
     34          
     35          #define  MICRIUM_SOURCE
     36          #include <os.h>

   \                                 In section .bss, align 4
   \   __absolute OS_APP_HOOK_TCB OS_AppTaskCreateHookPtr
   \                     OS_AppTaskCreateHookPtr:
   \   00000000                      DS8 4

   \                                 In section .bss, align 4
   \   __absolute OS_APP_HOOK_TCB OS_AppTaskDelHookPtr
   \                     OS_AppTaskDelHookPtr:
   \   00000000                      DS8 4

   \                                 In section .bss, align 4
   \   __absolute OS_APP_HOOK_TCB OS_AppTaskReturnHookPtr
   \                     OS_AppTaskReturnHookPtr:
   \   00000000                      DS8 4

   \                                 In section .bss, align 4
   \   __absolute void (*)(void) OS_AppIdleTaskHookPtr
   \                     OS_AppIdleTaskHookPtr:
   \   00000000                      DS8 4

   \                                 In section .bss, align 4
   \   __absolute void (*)(void) OS_AppStatTaskHookPtr
   \                     OS_AppStatTaskHookPtr:
   \   00000000                      DS8 4

   \                                 In section .bss, align 4
   \   __absolute void (*)(void) OS_AppTaskSwHookPtr
   \                     OS_AppTaskSwHookPtr:
   \   00000000                      DS8 4

   \                                 In section .bss, align 4
   \   __absolute void (*)(void) OS_AppTimeTickHookPtr
   \                     OS_AppTimeTickHookPtr:
   \   00000000                      DS8 4

   \                                 In section .bss, align 4
   \   __absolute CPU_INT32U OSIdleTaskCtr
   \                     OSIdleTaskCtr:
   \   00000000                      DS8 4

   \                                 In section .bss, align 4
   \   __absolute OS_TCB OSIdleTaskTCB
   \                     OSIdleTaskTCB:
   \   00000000                      DS8 184

   \                                 In section .bss, align 1
   \   __absolute CPU_INT08U OSIntNestingCtr
   \                     OSIntNestingCtr:
   \   00000000                      DS8 1

   \                                 In section .bss, align 4
   \   __absolute CPU_TS OSIntDisTimeMax
   \                     OSIntDisTimeMax:
   \   00000000                      DS8 4

   \                                 In section .bss, align 1
   \   __absolute OS_STATE OSRunning
   \                     OSRunning:
   \   00000000                      DS8 1

   \                                 In section .bss, align 2
   \   __absolute OS_OBJ_QTY OSFlagQty
   \                     OSFlagQty:
   \   00000000                      DS8 2

   \                                 In section .bss, align 4
   \   __absolute OS_MSG_POOL OSMsgPool
   \                     OSMsgPool:
   \   00000000                      DS8 12

   \                                 In section .bss, align 1
   \   __absolute OS_PRIO OSPrioCur
   \                     OSPrioCur:
   \   00000000                      DS8 1

   \                                 In section .bss, align 1
   \   __absolute OS_PRIO OSPrioHighRdy
   \                     OSPrioHighRdy:
   \   00000000                      DS8 1

   \                                 In section .bss, align 1
   \   __absolute OS_PRIO OSPrioSaved
   \                     OSPrioSaved:
   \   00000000                      DS8 1

   \                                 In section .bss, align 2
   \   __absolute OS_OBJ_QTY OSQQty
   \                     OSQQty:
   \   00000000                      DS8 2

   \                                 In section .bss, align 4
   \   __absolute OS_RDY_LIST OSRdyList[32]
   \                     OSRdyList:
   \   00000000                      DS8 384

   \                                 In section .bss, align 1
   \   __absolute CPU_INT08U OSSchedLockNestingCtr
   \                     OSSchedLockNestingCtr:
   \   00000000                      DS8 1

   \                                 In section .bss, align 4
   \   __absolute OS_TICK OSSchedRoundRobinDfltTimeQuanta
   \                     OSSchedRoundRobinDfltTimeQuanta:
   \   00000000                      DS8 4

   \                                 In section .bss, align 1
   \   __absolute CPU_BOOLEAN OSSchedRoundRobinEn
   \                     OSSchedRoundRobinEn:
   \   00000000                      DS8 1

   \                                 In section .bss, align 2
   \   __absolute OS_OBJ_QTY OSSemQty
   \                     OSSemQty:
   \   00000000                      DS8 2

   \                                 In section .bss, align 4
   \   __absolute CPU_INT32U OSTaskCtxSwCtr
   \                     OSTaskCtxSwCtr:
   \   00000000                      DS8 4

   \                                 In section .bss, align 2
   \   __absolute OS_OBJ_QTY OSTaskQty
   \                     OSTaskQty:
   \   00000000                      DS8 2

   \                                 In section .bss, align 1
   \   __absolute OS_REG_ID OSTaskRegNextAvailID
   \                     OSTaskRegNextAvailID:
   \   00000000                      DS8 1

   \                                 In section .bss, align 4
   \   __absolute OS_TICK OSTickCtr
   \                     OSTickCtr:
   \   00000000                      DS8 4

   \                                 In section .bss, align 4
   \   __absolute OS_TCB OSTickTaskTCB
   \                     OSTickTaskTCB:
   \   00000000                      DS8 184

   \                                 In section .bss, align 4
   \   __absolute CPU_TS OSTickTaskTimeMax
   \                     OSTickTaskTimeMax:
   \   00000000                      DS8 4

   \                                 In section .bss, align 2
   \   __absolute OS_OBJ_QTY OSTmrQty
   \                     OSTmrQty:
   \   00000000                      DS8 2

   \                                 In section .bss, align 4
   \   __absolute OS_TCB OSTmrTaskTCB
   \                     OSTmrTaskTCB:
   \   00000000                      DS8 184

   \                                 In section .bss, align 4
   \   __absolute CPU_TS OSTmrTaskTimeMax
   \                     OSTmrTaskTimeMax:
   \   00000000                      DS8 4

   \                                 In section .bss, align 4
   \   __absolute OS_TICK OSTmrTickCtr
   \                     OSTmrTickCtr:
   \   00000000                      DS8 4

   \                                 In section .bss, align 4
   \   __absolute OS_CTR OSTmrUpdateCnt
   \                     OSTmrUpdateCnt:
   \   00000000                      DS8 4

   \                                 In section .bss, align 4
   \   __absolute OS_CTR OSTmrUpdateCtr
   \                     OSTmrUpdateCtr:
   \   00000000                      DS8 4

   \                                 In section .bss, align 4
   \   __absolute OS_TCB *OSTCBCurPtr
   \                     OSTCBCurPtr:
   \   00000000                      DS8 4

   \                                 In section .bss, align 4
   \   __absolute OS_TCB *OSTCBHighRdyPtr
   \                     OSTCBHighRdyPtr:
   \   00000000                      DS8 4
     37          
     38          #ifdef VSC_INCLUDE_SOURCE_FILE_NAMES
     39          const  CPU_CHAR  *os_var__c = "$Id: $";
     40          #endif


   Section sizes:

   Bytes  Function/Label
   -----  --------------
       2  OSFlagQty
       4  OSIdleTaskCtr
     184  OSIdleTaskTCB
       4  OSIntDisTimeMax
       1  OSIntNestingCtr
      12  OSMsgPool
       1  OSPrioCur
       1  OSPrioHighRdy
       1  OSPrioSaved
       2  OSQQty
     384  OSRdyList
       1  OSRunning
       1  OSSchedLockNestingCtr
       4  OSSchedRoundRobinDfltTimeQuanta
       1  OSSchedRoundRobinEn
       2  OSSemQty
       4  OSTCBCurPtr
       4  OSTCBHighRdyPtr
       4  OSTaskCtxSwCtr
       2  OSTaskQty
       1  OSTaskRegNextAvailID
       4  OSTickCtr
     184  OSTickTaskTCB
       4  OSTickTaskTimeMax
       2  OSTmrQty
     184  OSTmrTaskTCB
       4  OSTmrTaskTimeMax
       4  OSTmrTickCtr
       4  OSTmrUpdateCnt
       4  OSTmrUpdateCtr
       4  OS_AppIdleTaskHookPtr
       4  OS_AppStatTaskHookPtr
       4  OS_AppTaskCreateHookPtr
       4  OS_AppTaskDelHookPtr
       4  OS_AppTaskReturnHookPtr
       4  OS_AppTaskSwHookPtr
       4  OS_AppTimeTickHookPtr

 
 1 042 bytes in section .bss
 
 1 042 bytes of DATA memory

Errors: none
Warnings: none
