###############################################################################
#
# IAR ANSI C/C++ Compiler V7.50.1.10123/W32 for ARM       16/Nov/2017  10:37:14
# Copyright 1999-2015 IAR Systems AB.
#
#    Cpu mode     =  thumb
#    Endian       =  little
#    Source file  =  F:\iar\NC199B-100\Library\Source\BSP\Driver\WatchDog.c
#    Command line =  
#        F:\iar\NC199B-100\Library\Source\BSP\Driver\WatchDog.c -D
#        USE_STDPERIPH_DRIVER -D _STM32F10X_HD -D STM32F10X_CL -D DEBUG -D
#        STM32F103RC -D STM32_FLASH_SIZE=256 -D HSE_VALUE=25000000 -lCN
#        F:\iar\NC199B-100\Library\Project\IAR\..\..\..\Output\Lib\Debug-RC\List\
#        -o
#        F:\iar\NC199B-100\Library\Project\IAR\..\..\..\Output\Lib\Debug-RC\Obj\
#        --no_unroll --no_inline --no_tbaa --no_scheduling --debug
#        --endian=little --cpu=Cortex-M3 -e --fpu=None --dlib_config
#        "C:\Program Files (x86)\IAR Systems\Embedded Workbench
#        7.3\arm\INC\c\DLib_Config_Full.h" -I
#        F:\iar\NC199B-100\Library\Project\IAR\ -I
#        F:\iar\NC199B-100\Library\Project\IAR\..\..\Source\APP\ -I
#        F:\iar\NC199B-100\Library\Project\IAR\..\..\Source\APP\User\ -I
#        F:\iar\NC199B-100\Library\Project\IAR\..\..\Source\APP\AES\ -I
#        F:\iar\NC199B-100\Library\Project\IAR\..\..\Source\APP\Config\ -I
#        F:\iar\NC199B-100\Library\Project\IAR\..\..\Source\APP\OS\ -I
#        F:\iar\NC199B-100\Library\Project\IAR\..\..\Source\APP\User\ -I
#        F:\iar\NC199B-100\Library\Project\IAR\..\..\Source\APP\SIM900A\Source\
#        -I
#        F:\iar\NC199B-100\Library\Project\IAR\..\..\Source\APP\SIM900A\Port\
#        -I F:\iar\NC199B-100\Library\Project\IAR\..\..\Source\APP\SIM900A\OS\
#        -I
#        F:\iar\NC199B-100\Library\Project\IAR\..\..\Source\APP\SIM900A\Config\
#        -I F:\iar\NC199B-100\Library\Project\IAR\..\..\Source\APP\Protocol\ -I
#        F:\iar\NC199B-100\Library\Project\IAR\..\..\Source\APP\Iap\ -I
#        F:\iar\NC199B-100\Library\Project\IAR\..\..\Source\BSP\ -I
#        F:\iar\NC199B-100\Library\Project\IAR\..\..\Source\BSP\Driver\ -I
#        F:\iar\NC199B-100\Library\Project\IAR\..\..\Source\BSP\IAR\ -I
#        F:\iar\NC199B-100\Library\Project\IAR\..\..\Source\BSP\Os\ -I
#        F:\iar\NC199B-100\Library\Project\IAR\..\..\Source\BSP\Os\uCOS-III\ -I
#        F:\iar\NC199B-100\Library\Project\IAR\..\..\Source\BSP\St\ -I
#        F:\iar\NC199B-100\Library\Project\IAR\..\..\Source\BSP\St\FWLib\CMSIS\CM3\CoreSupport\
#        -I
#        F:\iar\NC199B-100\Library\Project\IAR\..\..\Source\BSP\St\FWLib\CMSIS\CM3\DeviceSupport\ST\STM32F10x\
#        -I
#        F:\iar\NC199B-100\Library\Project\IAR\..\..\Source\BSP\St\FWLib\STM32F10x_StdPeriph_Driver\inc\
#        -I F:\iar\NC199B-100\Library\Project\IAR\..\..\Source\Micrium\uC-CPU\
#        -I
#        F:\iar\NC199B-100\Library\Project\IAR\..\..\Source\Micrium\uC-CPU\ARM-Cortex-M3\IAR\
#        -I F:\iar\NC199B-100\Library\Project\IAR\..\..\Source\Micrium\uC-LIB\
#        -I F:\iar\NC199B-100\Library\Project\IAR\..\..\Source\BSP\Os\OSAL\ -I
#        F:\iar\NC199B-100\Library\Project\IAR\..\..\Source\OSAL\OS\ -I
#        F:\iar\NC199B-100\Library\Project\IAR\..\..\Source\Micrium\uC-MB\ -I
#        F:\iar\NC199B-100\Library\Project\IAR\..\..\Source\Micrium\uC-MB\Cfg\Template\
#        -I
#        F:\iar\NC199B-100\Library\Project\IAR\..\..\Source\Micrium\uC-MB\OS\uCOS-III\
#        -I
#        F:\iar\NC199B-100\Library\Project\IAR\..\..\Source\Micrium\uC-MB\Source\
#        -I
#        F:\iar\NC199B-100\Library\Project\IAR\..\..\Source\Micrium\uC-OS-III\
#        -I
#        F:\iar\NC199B-100\Library\Project\IAR\..\..\Source\Micrium\uC-OS-III\Ports\ARM-Cortex-M3\Generic\IAR\
#        -I
#        F:\iar\NC199B-100\Library\Project\IAR\..\..\Source\Micrium\uC-OS-III\Source\
#        -I F:\iar\NC199B-100\Library\Project\IAR\..\..\Source\FatFs\ -I
#        F:\iar\NC199B-100\Library\Project\IAR\..\..\Source\FatFs\option\ -Om
#        --use_c++_inline -I "C:\Program Files (x86)\IAR Systems\Embedded
#        Workbench 7.3\arm\CMSIS\Include\"
#    List file    =  
#        F:\iar\NC199B-100\Library\Project\IAR\..\..\..\Output\Lib\Debug-RC\List\WatchDog.lst
#    Object file  =  
#        F:\iar\NC199B-100\Library\Project\IAR\..\..\..\Output\Lib\Debug-RC\Obj\WatchDog.o
#
###############################################################################

F:\iar\NC199B-100\Library\Source\BSP\Driver\WatchDog.c
      1          #include "stm32f10x.h"
      2          #include <stdio.h>
      3          #include "SZ_STM32F107VC_LIB.h"
      4          #include "delay.h"
      5          #include "WatchDog.h"
      6          
      7          #define WDG_CLK      		       RCC_APB2Periph_GPIOA
      8          #define WDG_PIN                    GPIO_Pin_8
      9          #define WDG_PORT                   GPIOA
     10          
     11          #define WDG_LOW()                  GPIO_ResetBits(WDG_PORT,WDG_PIN)
     12          #define WDG_HIGH()                 GPIO_SetBits(WDG_PORT,WDG_PIN)
     13          
     14          /**-------------------------------------------------------
     15            * @函数名 WDG_Init
     16            * @功能   初始化WDG的端口
     17            * @参数   无
     18            * @返回值 无
     19          ***------------------------------------------------------*/

   \                                 In section .text, align 2, keep-with-next
     20          void WDG_Init(void)
     21          {
     22          	//GPIO_InitTypeDef GPIO_InitStructure;
     23          	//
     24          	///* Enable GPIOD clock */
     25          	//RCC_APB2PeriphClockCmd(WDG_CLK , ENABLE);
     26              //
     27          	//GPIO_InitStructure.GPIO_Pin = WDG_PIN;
     28          	//GPIO_InitStructure.GPIO_Speed = GPIO_Speed_2MHz;
     29          	//GPIO_InitStructure.GPIO_Mode = GPIO_Mode_Out_PP;
     30          	//GPIO_Init(WDG_PORT, &GPIO_InitStructure);
     31          }
   \                     WDG_Init: (+1)
   \   00000000   0x4770             BX       LR               ;; return
     32          

   \                                 In section .text, align 2, keep-with-next
     33          void FeedDog_LOW(void)
     34          {
     35          	//WDG_LOW();
     36          }
   \                     FeedDog_LOW: (+1)
   \   00000000   0x4770             BX       LR               ;; return
     37          
     38          

   \                                 In section .text, align 2, keep-with-next
     39          void FeedDog_HIGH(void)
     40          {
     41              //WDG_HIGH();
     42          }
   \                     FeedDog_HIGH: (+1)
   \   00000000   0x4770             BX       LR               ;; return
     43          
     44          

   Maximum stack usage in bytes:

   .cstack Function
   ------- --------
       0   FeedDog_HIGH
       0   FeedDog_LOW
       0   WDG_Init


   Section sizes:

   Bytes  Function/Label
   -----  --------------
       2  FeedDog_HIGH
       2  FeedDog_LOW
       2  WDG_Init

 
 6 bytes in section .text
 
 6 bytes of CODE memory

Errors: none
Warnings: none
